 
****************************************
Report : area
Design : MyDesign
Version: P-2019.03-SP1
Date   : Thu Nov 11 00:20:54 2021
****************************************

Library(s) Used:

    NangateOpenCellLibrary_PDKv1_2_v2008_10_slow_nldm (File: /afs/eos.ncsu.edu/lockers/research/ece/wdavis/tech/nangate/NangateOpenCellLibrary_PDKv1_2_v2008_10/liberty/520/NangateOpenCellLibrary_PDKv1_2_v2008_10_slow_nldm.db)

Number of ports:                           89
Number of nets:                          1078
Number of cells:                          998
Number of combinational cells:            832
Number of sequential cells:               139
Number of macros/black boxes:               0
Number of buf/inv:                        236
Number of references:                      50

Combinational area:                850.135990
Buf/Inv area:                      128.744001
Noncombinational area:             692.664011
Macro/Black Box area:                0.000000
Net Interconnect area:      undefined  (No wire load specified)

Total cell area:                  1542.800001
Total area:                 undefined
1
