Information: Updating design information... (UID-85)
 
****************************************
Report : timing
        -path full
        -delay max
        -max_paths 1
Design : MyDesign
Version: P-2019.03-SP1
Date   : Tue Nov  9 05:28:09 2021
****************************************

Operating Conditions: slow   Library: NangateOpenCellLibrary_PDKv1_2_v2008_10_slow_nldm
Wire Load Model Mode: top

  Startpoint: weight_reg[8]
              (rising edge-triggered flip-flop clocked by clk)
  Endpoint: R_79 (rising edge-triggered flip-flop clocked by clk)
  Path Group: clk
  Path Type: max

  Point                                    Incr       Path
  -----------------------------------------------------------
  clock clk (rise edge)                  0.0000     0.0000
  clock network delay (ideal)            0.0000     0.0000
  weight_reg[8]/CK (DFFR_X2)             0.0000     0.0000 r
  weight_reg[8]/QN (DFFR_X2)             0.3857     0.3857 f
  U481/ZN (INV_X4)                       0.2557     0.6414 r
  U672/ZN (XNOR2_X1)                     0.4558     1.0971 r
  U692/ZN (XNOR2_X2)                     0.3333     1.4304 r
  U801/ZN (XNOR2_X1)                     0.3553     1.7857 r
  U530/ZN (INV_X2)                       0.0644     1.8501 f
  U500/ZN (NAND4_X1)                     0.2798     2.1299 r
  R_79/D (DFF_X2)                        0.0000     2.1299 r
  data arrival time                                 2.1299

  clock clk (rise edge)                  2.4330     2.4330
  clock network delay (ideal)            0.0000     2.4330
  clock uncertainty                     -0.0500     2.3830
  R_79/CK (DFF_X2)                       0.0000     2.3830 r
  library setup time                    -0.2527     2.1303
  data required time                                2.1303
  -----------------------------------------------------------
  data required time                                2.1303
  data arrival time                                -2.1299
  -----------------------------------------------------------
  slack (MET)                                       0.0004


1
