 
****************************************
Report : area
Design : MyDesign
Version: P-2019.03-SP1
Date   : Wed Nov 10 01:37:02 2021
****************************************

Library(s) Used:

    NangateOpenCellLibrary_PDKv1_2_v2008_10_slow_nldm (File: /afs/eos.ncsu.edu/lockers/research/ece/wdavis/tech/nangate/NangateOpenCellLibrary_PDKv1_2_v2008_10/liberty/520/NangateOpenCellLibrary_PDKv1_2_v2008_10_slow_nldm.db)

Number of ports:                           89
Number of nets:                          1225
Number of cells:                         1101
Number of combinational cells:            891
Number of sequential cells:               180
Number of macros/black boxes:               0
Number of buf/inv:                        228
Number of references:                      52

Combinational area:                880.193990
Buf/Inv area:                      131.404001
Noncombinational area:             905.198014
Macro/Black Box area:                0.000000
Net Interconnect area:      undefined  (No wire load specified)

Total cell area:                  1785.392004
Total area:                 undefined
1
