 
****************************************
Report : timing
        -path full
        -delay max
        -max_paths 1
Design : MyDesign
Version: P-2019.03-SP1
Date   : Tue Nov  9 03:33:59 2021
****************************************

Operating Conditions: slow   Library: NangateOpenCellLibrary_PDKv1_2_v2008_10_slow_nldm
Wire Load Model Mode: top

  Startpoint: weight_reg[7]
              (rising edge-triggered flip-flop clocked by clk)
  Endpoint: R_122 (rising edge-triggered flip-flop clocked by clk)
  Path Group: clk
  Path Type: max

  Point                                    Incr       Path
  -----------------------------------------------------------
  clock clk (rise edge)                  0.0000     0.0000
  clock network delay (ideal)            0.0000     0.0000
  weight_reg[7]/CK (DFFR_X2)             0.0000     0.0000 r
  weight_reg[7]/Q (DFFR_X2)              0.7861     0.7861 r
  U766/ZN (XNOR2_X1)                     0.4641     1.2502 r
  U921/ZN (OAI21_X1)                     0.1561     1.4063 f
  U1220/ZN (NAND2_X2)                    0.1704     1.5767 r
  U541/ZN (INV_X2)                       0.0431     1.6198 f
  U478/ZN (NAND2_X1)                     0.1359     1.7556 r
  U482/ZN (NAND3_X1)                     0.1112     1.8669 f
  U486/ZN (NAND2_X1)                     0.1417     2.0086 r
  U494/ZN (INV_X1)                       0.0626     2.0712 f
  R_122/D (DFF_X1)                       0.0000     2.0712 f
  data arrival time                                 2.0712

  clock clk (rise edge)                  2.4300     2.4300
  clock network delay (ideal)            0.0000     2.4300
  clock uncertainty                     -0.0500     2.3800
  R_122/CK (DFF_X1)                      0.0000     2.3800 r
  library setup time                    -0.3077     2.0723
  data required time                                2.0723
  -----------------------------------------------------------
  data required time                                2.0723
  data arrival time                                -2.0712
  -----------------------------------------------------------
  slack (MET)                                       0.0011


1
