Information: Updating design information... (UID-85)
 
****************************************
Report : timing
        -path full
        -delay min
        -max_paths 1
Design : MyDesign
Version: P-2019.03-SP1
Date   : Sat Oct 30 19:42:32 2021
****************************************

Operating Conditions: fast   Library: NangateOpenCellLibrary_PDKv1_2_v2008_10_fast_nldm
Wire Load Model Mode: top

  Startpoint: clk_r_REG51_S4
              (rising edge-triggered flip-flop clocked by clk)
  Endpoint: R_7_clk_r_REG53_S5
            (rising edge-triggered flip-flop clocked by clk)
  Path Group: clk
  Path Type: min

  Point                                    Incr       Path
  -----------------------------------------------------------
  clock clk (rise edge)                  0.0000     0.0000
  clock network delay (ideal)            0.0000     0.0000
  clk_r_REG51_S4/CK (DFF_X1)             0.0000     0.0000 r
  clk_r_REG51_S4/QN (DFF_X1)             0.0667     0.0667 f
  R_7_clk_r_REG53_S5/D (DFFR_X2)         0.0000     0.0667 f
  data arrival time                                 0.0667

  clock clk (rise edge)                  0.0000     0.0000
  clock network delay (ideal)            0.0000     0.0000
  clock uncertainty                      0.0500     0.0500
  R_7_clk_r_REG53_S5/CK (DFFR_X2)        0.0000     0.0500 r
  library hold time                      0.0014     0.0514
  data required time                                0.0514
  -----------------------------------------------------------
  data required time                                0.0514
  data arrival time                                -0.0667
  -----------------------------------------------------------
  slack (MET)                                       0.0153


1
