Information: Updating design information... (UID-85)
 
****************************************
Report : timing
        -path full
        -delay max
        -max_paths 1
Design : MyDesign
Version: P-2019.03-SP1
Date   : Tue Nov  9 02:21:44 2021
****************************************

Operating Conditions: slow   Library: NangateOpenCellLibrary_PDKv1_2_v2008_10_slow_nldm
Wire Load Model Mode: top

  Startpoint: row1_reg[4]
              (rising edge-triggered flip-flop clocked by clk)
  Endpoint: R_35 (rising edge-triggered flip-flop clocked by clk)
  Path Group: clk
  Path Type: max

  Point                                    Incr       Path
  -----------------------------------------------------------
  clock clk (rise edge)                  0.0000     0.0000
  clock network delay (ideal)            0.0000     0.0000
  row1_reg[4]/CK (DFF_X1)                0.0000     0.0000 r
  row1_reg[4]/Q (DFF_X1)                 0.6152     0.6152 f
  U1210/ZN (XNOR2_X2)                    0.3067     0.9219 r
  U812/ZN (XNOR2_X2)                     0.3182     1.2402 r
  U739/ZN (XNOR2_X2)                     0.2933     1.5334 r
  U1307/ZN (INV_X1)                      0.0866     1.6200 f
  U731/ZN (NAND3_X2)                     0.1761     1.7962 r
  U728/ZN (NAND2_X2)                     0.0667     1.8629 f
  U727/ZN (NAND2_X2)                     0.1148     1.9777 r
  U726/ZN (INV_X2)                       0.0414     2.0191 f
  R_35/D (DFF_X1)                        0.0000     2.0191 f
  data arrival time                                 2.0191

  clock clk (rise edge)                  2.3740     2.3740
  clock network delay (ideal)            0.0000     2.3740
  clock uncertainty                     -0.0500     2.3240
  R_35/CK (DFF_X1)                       0.0000     2.3240 r
  library setup time                    -0.3025     2.0215
  data required time                                2.0215
  -----------------------------------------------------------
  data required time                                2.0215
  data arrival time                                -2.0191
  -----------------------------------------------------------
  slack (MET)                                       0.0024


1
