 
****************************************
Report : area
Design : MyDesign
Version: P-2019.03-SP1
Date   : Tue Nov  9 04:39:03 2021
****************************************

Library(s) Used:

    NangateOpenCellLibrary_PDKv1_2_v2008_10_slow_nldm (File: /afs/eos.ncsu.edu/lockers/research/ece/wdavis/tech/nangate/NangateOpenCellLibrary_PDKv1_2_v2008_10/liberty/520/NangateOpenCellLibrary_PDKv1_2_v2008_10_slow_nldm.db)

Number of ports:                           89
Number of nets:                          1125
Number of cells:                         1038
Number of combinational cells:            796
Number of sequential cells:               216
Number of macros/black boxes:               0
Number of buf/inv:                        238
Number of references:                      42

Combinational area:                824.865993
Buf/Inv area:                      128.478001
Noncombinational area:            1078.098015
Macro/Black Box area:                0.000000
Net Interconnect area:      undefined  (No wire load specified)

Total cell area:                  1902.964008
Total area:                 undefined
1
