 
****************************************
Report : timing
        -path full
        -delay max
        -max_paths 1
Design : MyDesign
Version: P-2019.03-SP1
Date   : Thu Nov 11 01:04:41 2021
****************************************

Operating Conditions: slow   Library: NangateOpenCellLibrary_PDKv1_2_v2008_10_slow_nldm
Wire Load Model Mode: top

  Startpoint: R_35 (rising edge-triggered flip-flop clocked by clk)
  Endpoint: dut_sram_write_data_reg[11]
            (rising edge-triggered flip-flop clocked by clk)
  Path Group: clk
  Path Type: max

  Point                                                   Incr       Path
  --------------------------------------------------------------------------
  clock clk (rise edge)                                 0.0000     0.0000
  clock network delay (ideal)                           0.0000     0.0000
  R_35/CK (DFF_X1)                                      0.0000     0.0000 r
  R_35/Q (DFF_X1)                                       0.5740     0.5740 f
  U1214/ZN (XNOR2_X2)                                   0.2990     0.8730 f
  U496/ZN (AOI22_X1)                                    0.4937     1.3667 r
  U1096/ZN (NAND2_X1)                                   0.1254     1.4921 f
  U1223/ZN (INV_X1)                                     0.1050     1.5971 r
  U507/ZN (NAND2_X1)                                    0.0666     1.6637 f
  U689/ZN (NAND3_X2)                                    0.1582     1.8219 r
  U532/ZN (AND3_X2)                                     0.2005     2.0224 r
  U495/ZN (NOR2_X1)                                     0.0497     2.0721 f
  dut_sram_write_data_reg[11]/D (DFF_X2)                0.0000     2.0721 f
  data arrival time                                                2.0721

  clock clk (rise edge)                                 2.4380     2.4380
  clock network delay (ideal)                           0.0000     2.4380
  clock uncertainty                                    -0.0500     2.3880
  dut_sram_write_data_reg[11]/CK (DFF_X2)               0.0000     2.3880 r
  library setup time                                   -0.3144     2.0736
  data required time                                               2.0736
  --------------------------------------------------------------------------
  data required time                                               2.0736
  data arrival time                                               -2.0721
  --------------------------------------------------------------------------
  slack (MET)                                                      0.0015


1
