 
****************************************
Report : timing
        -path full
        -delay max
        -max_paths 1
Design : MyDesign
Version: P-2019.03-SP1
Date   : Wed Nov 10 23:25:45 2021
****************************************

Operating Conditions: slow   Library: NangateOpenCellLibrary_PDKv1_2_v2008_10_slow_nldm
Wire Load Model Mode: top

  Startpoint: R_1 (rising edge-triggered flip-flop clocked by clk)
  Endpoint: R_29 (rising edge-triggered flip-flop clocked by clk)
  Path Group: clk
  Path Type: max

  Point                                    Incr       Path
  -----------------------------------------------------------
  clock clk (rise edge)                  0.0000     0.0000
  clock network delay (ideal)            0.0000     0.0000
  R_1/CK (DFF_X1)                        0.0000     0.0000 r
  R_1/QN (DFF_X1)                        0.3551     0.3551 f
  U667/ZN (INV_X4)                       0.2673     0.6224 r
  U687/ZN (XNOR2_X1)                     0.4565     1.0789 r
  U1170/ZN (XNOR2_X2)                    0.3462     1.4251 r
  U1171/ZN (XNOR2_X2)                    0.2945     1.7196 r
  U473/ZN (INV_X1)                       0.0788     1.7984 f
  U1016/ZN (NAND3_X1)                    0.2515     2.0499 r
  U1067/ZN (INV_X1)                      0.0672     2.1171 f
  U1065/ZN (NAND2_X1)                    0.1232     2.2403 r
  R_29/D (DFF_X1)                        0.0000     2.2403 r
  data arrival time                                 2.2403

  clock clk (rise edge)                  2.5000     2.5000
  clock network delay (ideal)            0.0000     2.5000
  clock uncertainty                     -0.0500     2.4500
  R_29/CK (DFF_X1)                       0.0000     2.4500 r
  library setup time                    -0.2041     2.2459
  data required time                                2.2459
  -----------------------------------------------------------
  data required time                                2.2459
  data arrival time                                -2.2403
  -----------------------------------------------------------
  slack (MET)                                       0.0056


1
