 
****************************************
Report : area
Design : MyDesign
Version: P-2019.03-SP1
Date   : Tue Nov  9 05:30:49 2021
****************************************

Library(s) Used:

    NangateOpenCellLibrary_PDKv1_2_v2008_10_slow_nldm (File: /afs/eos.ncsu.edu/lockers/research/ece/wdavis/tech/nangate/NangateOpenCellLibrary_PDKv1_2_v2008_10/liberty/520/NangateOpenCellLibrary_PDKv1_2_v2008_10_slow_nldm.db)

Number of ports:                           89
Number of nets:                          1006
Number of cells:                          924
Number of combinational cells:            786
Number of sequential cells:               108
Number of macros/black boxes:               0
Number of buf/inv:                        149
Number of references:                      46

Combinational area:                828.323989
Buf/Inv area:                       82.194000
Noncombinational area:             559.664006
Macro/Black Box area:                0.000000
Net Interconnect area:      undefined  (No wire load specified)

Total cell area:                  1387.987995
Total area:                 undefined
1
