 
****************************************
Report : timing
        -path full
        -delay max
        -max_paths 1
Design : MyDesign
Version: P-2019.03-SP1
Date   : Thu Nov 11 02:10:41 2021
****************************************

Operating Conditions: slow   Library: NangateOpenCellLibrary_PDKv1_2_v2008_10_slow_nldm
Wire Load Model Mode: top

  Startpoint: R_195 (rising edge-triggered flip-flop clocked by clk)
  Endpoint: R_74 (rising edge-triggered flip-flop clocked by clk)
  Path Group: clk
  Path Type: max

  Point                                    Incr       Path
  -----------------------------------------------------------
  clock clk (rise edge)                  0.0000     0.0000
  clock network delay (ideal)            0.0000     0.0000
  R_195/CK (DFF_X2)                      0.0000     0.0000 r
  R_195/Q (DFF_X2)                       0.5835     0.5835 f
  U1198/ZN (XNOR2_X2)                    0.2731     0.8566 r
  U935/ZN (XNOR2_X1)                     0.3488     1.2054 r
  U934/ZN (XNOR2_X1)                     0.3879     1.5933 r
  U750/ZN (NOR2_X1)                      0.1395     1.7328 f
  U1199/ZN (NAND2_X2)                    0.1398     1.8726 r
  U516/ZN (AND2_X1)                      0.1471     2.0198 r
  U993/ZN (NOR2_X1)                      0.0575     2.0773 f
  R_74/D (DFF_X1)                        0.0000     2.0773 f
  data arrival time                                 2.0773

  clock clk (rise edge)                  2.4360     2.4360
  clock network delay (ideal)            0.0000     2.4360
  clock uncertainty                     -0.0500     2.3860
  R_74/CK (DFF_X1)                       0.0000     2.3860 r
  library setup time                    -0.3078     2.0782
  data required time                                2.0782
  -----------------------------------------------------------
  data required time                                2.0782
  data arrival time                                -2.0773
  -----------------------------------------------------------
  slack (MET)                                       0.0010


1
