Information: Updating design information... (UID-85)
 
****************************************
Report : timing
        -path full
        -delay max
        -max_paths 1
Design : MyDesign
Version: P-2019.03-SP1
Date   : Thu Nov 11 01:45:53 2021
****************************************

Operating Conditions: slow   Library: NangateOpenCellLibrary_PDKv1_2_v2008_10_slow_nldm
Wire Load Model Mode: top

  Startpoint: R_175 (rising edge-triggered flip-flop clocked by clk)
  Endpoint: R_82 (rising edge-triggered flip-flop clocked by clk)
  Path Group: clk
  Path Type: max

  Point                                    Incr       Path
  -----------------------------------------------------------
  clock clk (rise edge)                  0.0000     0.0000
  clock network delay (ideal)            0.0000     0.0000
  R_175/CK (DFF_X1)                      0.0000     0.0000 r
  R_175/QN (DFF_X1)                      0.3551     0.3551 f
  U654/ZN (INV_X4)                       0.2043     0.5594 r
  U656/Z (XOR2_X1)                       0.4261     0.9855 r
  U508/ZN (INV_X1)                       0.1270     1.1125 f
  U787/ZN (AOI22_X1)                     0.5672     1.6797 r
  U534/ZN (AND4_X2)                      0.3136     1.9933 r
  U995/ZN (NOR3_X1)                      0.0595     2.0528 f
  R_82/D (DFF_X1)                        0.0000     2.0528 f
  data arrival time                                 2.0528

  clock clk (rise edge)                  2.4390     2.4390
  clock network delay (ideal)            0.0000     2.4390
  clock uncertainty                     -0.0500     2.3890
  R_82/CK (DFF_X1)                       0.0000     2.3890 r
  library setup time                    -0.3357     2.0533
  data required time                                2.0533
  -----------------------------------------------------------
  data required time                                2.0533
  data arrival time                                -2.0528
  -----------------------------------------------------------
  slack (MET)                                       0.0006


1
