Information: Updating design information... (UID-85)
 
****************************************
Report : timing
        -path full
        -delay max
        -max_paths 1
Design : MyDesign
Version: P-2019.03-SP1
Date   : Thu Nov 11 00:05:33 2021
****************************************

Operating Conditions: slow   Library: NangateOpenCellLibrary_PDKv1_2_v2008_10_slow_nldm
Wire Load Model Mode: top

  Startpoint: row1_reg[12]
              (rising edge-triggered flip-flop clocked by clk)
  Endpoint: R_69 (rising edge-triggered flip-flop clocked by clk)
  Path Group: clk
  Path Type: max

  Point                                    Incr       Path
  -----------------------------------------------------------
  clock clk (rise edge)                  0.0000     0.0000
  clock network delay (ideal)            0.0000     0.0000
  row1_reg[12]/CK (DFF_X1)               0.0000     0.0000 r
  row1_reg[12]/Q (DFF_X1)                0.6261     0.6261 f
  U761/ZN (XNOR2_X1)                     0.2881     0.9142 f
  U1280/ZN (INV_X1)                      0.1128     1.0271 r
  U1281/ZN (NAND2_X1)                    0.0620     1.0891 f
  U768/ZN (AOI22_X1)                     0.3194     1.4084 r
  U1282/ZN (INV_X1)                      0.0759     1.4844 f
  U859/ZN (NOR2_X1)                      0.1943     1.6786 r
  U1322/ZN (INV_X1)                      0.0658     1.7444 f
  U937/ZN (OAI21_X1)                     0.2586     2.0030 r
  U1325/ZN (NOR3_X1)                     0.1071     2.1101 f
  R_69/D (DFF_X1)                        0.0000     2.1101 f
  data arrival time                                 2.1101

  clock clk (rise edge)                  2.4800     2.4800
  clock network delay (ideal)            0.0000     2.4800
  clock uncertainty                     -0.0500     2.4300
  R_69/CK (DFF_X1)                       0.0000     2.4300 r
  library setup time                    -0.3195     2.1105
  data required time                                2.1105
  -----------------------------------------------------------
  data required time                                2.1105
  data arrival time                                -2.1101
  -----------------------------------------------------------
  slack (MET)                                       0.0004


1
