 
****************************************
Report : area
Design : MyDesign
Version: P-2019.03-SP1
Date   : Sun Oct 31 03:42:24 2021
****************************************

Library(s) Used:

    NangateOpenCellLibrary_PDKv1_2_v2008_10_slow_nldm (File: /afs/eos.ncsu.edu/lockers/research/ece/wdavis/tech/nangate/NangateOpenCellLibrary_PDKv1_2_v2008_10/liberty/520/NangateOpenCellLibrary_PDKv1_2_v2008_10_slow_nldm.db)

Number of ports:                           89
Number of nets:                          1344
Number of cells:                         1194
Number of combinational cells:            957
Number of sequential cells:               220
Number of macros/black boxes:               0
Number of buf/inv:                        143
Number of references:                      46

Combinational area:               1010.267986
Buf/Inv area:                       79.268000
Noncombinational area:            1112.944015
Macro/Black Box area:                0.000000
Net Interconnect area:      undefined  (No wire load specified)

Total cell area:                  2123.212001
Total area:                 undefined
1
