 
****************************************
Report : timing
        -path full
        -delay max
        -max_paths 1
Design : MyDesign
Version: P-2019.03-SP1
Date   : Sun Oct 31 03:42:24 2021
****************************************

Operating Conditions: slow   Library: NangateOpenCellLibrary_PDKv1_2_v2008_10_slow_nldm
Wire Load Model Mode: top

  Startpoint: clk_r_REG217_S1
              (rising edge-triggered flip-flop clocked by clk)
  Endpoint: clk_r_REG93_S2
            (rising edge-triggered flip-flop clocked by clk)
  Path Group: clk
  Path Type: max

  Point                                    Incr       Path
  -----------------------------------------------------------
  clock clk (rise edge)                  0.0000     0.0000
  clock network delay (ideal)            0.0000     0.0000
  clk_r_REG217_S1/CK (DFFR_X2)           0.0000     0.0000 r
  clk_r_REG217_S1/Q (DFFR_X2)            0.7453     0.7453 f
  U576/ZN (XNOR2_X2)                     0.2717     1.0171 f
  U520/ZN (INV_X2)                       0.0807     1.0978 r
  U575/ZN (NAND2_X2)                     0.0553     1.1530 f
  U573/ZN (NAND2_X2)                     0.0964     1.2495 r
  U583/ZN (XNOR2_X2)                     0.3057     1.5552 r
  U923/ZN (INV_X4)                       0.0483     1.6035 f
  U462/ZN (NAND2_X1)                     0.2199     1.8234 r
  U925/ZN (NAND3_X2)                     0.1115     1.9350 f
  clk_r_REG93_S2/D (DFF_X1)              0.0000     1.9350 f
  data arrival time                                 1.9350

  clock clk (rise edge)                  2.3000     2.3000
  clock network delay (ideal)            0.0000     2.3000
  clock uncertainty                     -0.0500     2.2500
  clk_r_REG93_S2/CK (DFF_X1)             0.0000     2.2500 r
  library setup time                    -0.3148     1.9352
  data required time                                1.9352
  -----------------------------------------------------------
  data required time                                1.9352
  data arrival time                                -1.9350
  -----------------------------------------------------------
  slack (MET)                                       0.0002


1
