 
****************************************
Report : area
Design : MyDesign
Version: P-2019.03-SP1
Date   : Tue Nov  9 03:54:59 2021
****************************************

Library(s) Used:

    NangateOpenCellLibrary_PDKv1_2_v2008_10_slow_nldm (File: /afs/eos.ncsu.edu/lockers/research/ece/wdavis/tech/nangate/NangateOpenCellLibrary_PDKv1_2_v2008_10/liberty/520/NangateOpenCellLibrary_PDKv1_2_v2008_10_slow_nldm.db)

Number of ports:                           89
Number of nets:                          1143
Number of cells:                         1055
Number of combinational cells:            799
Number of sequential cells:               229
Number of macros/black boxes:               0
Number of buf/inv:                        237
Number of references:                      49

Combinational area:                833.377992
Buf/Inv area:                      129.010001
Noncombinational area:            1138.746017
Macro/Black Box area:                0.000000
Net Interconnect area:      undefined  (No wire load specified)

Total cell area:                  1972.124009
Total area:                 undefined
1
