 
****************************************
Report : timing
        -path full
        -delay max
        -max_paths 1
Design : MyDesign
Version: P-2019.03-SP1
Date   : Tue Nov  9 04:21:57 2021
****************************************

Operating Conditions: slow   Library: NangateOpenCellLibrary_PDKv1_2_v2008_10_slow_nldm
Wire Load Model Mode: top

  Startpoint: row0_reg[4]
              (rising edge-triggered flip-flop clocked by clk)
  Endpoint: R_94 (rising edge-triggered flip-flop clocked by clk)
  Path Group: clk
  Path Type: max

  Point                                    Incr       Path
  -----------------------------------------------------------
  clock clk (rise edge)                  0.0000     0.0000
  clock network delay (ideal)            0.0000     0.0000
  row0_reg[4]/CK (DFF_X1)                0.0000     0.0000 r
  row0_reg[4]/Q (DFF_X1)                 0.6232     0.6232 f
  U1144/ZN (XNOR2_X2)                    0.3199     0.9431 f
  U666/ZN (NAND2_X2)                     0.1336     1.0768 r
  U1026/ZN (INV_X1)                      0.0458     1.1226 f
  U1024/ZN (AOI21_X1)                    0.4472     1.5697 r
  U535/ZN (INV_X1)                       0.0754     1.6451 f
  U482/ZN (NOR2_X1)                      0.1509     1.7960 r
  U511/ZN (NAND2_X1)                     0.1018     1.8978 f
  U668/ZN (NAND2_X2)                     0.0888     1.9866 r
  U1082/ZN (NAND2_X2)                    0.0678     2.0544 f
  R_94/D (DFF_X1)                        0.0000     2.0544 f
  data arrival time                                 2.0544

  clock clk (rise edge)                  2.4200     2.4200
  clock network delay (ideal)            0.0000     2.4200
  clock uncertainty                     -0.0500     2.3700
  R_94/CK (DFF_X1)                       0.0000     2.3700 r
  library setup time                    -0.3071     2.0629
  data required time                                2.0629
  -----------------------------------------------------------
  data required time                                2.0629
  data arrival time                                -2.0544
  -----------------------------------------------------------
  slack (MET)                                       0.0085


1
