 
****************************************
Report : timing
        -path full
        -delay max
        -max_paths 1
Design : MyDesign
Version: P-2019.03-SP1
Date   : Wed Nov 10 01:10:37 2021
****************************************

Operating Conditions: slow   Library: NangateOpenCellLibrary_PDKv1_2_v2008_10_slow_nldm
Wire Load Model Mode: top

  Startpoint: R_4 (rising edge-triggered flip-flop clocked by clk)
  Endpoint: R_151 (rising edge-triggered flip-flop clocked by clk)
  Path Group: clk
  Path Type: max

  Point                                    Incr       Path
  -----------------------------------------------------------
  clock clk (rise edge)                  0.0000     0.0000
  clock network delay (ideal)            0.0000     0.0000
  R_4/CK (DFFR_X1)                       0.0000     0.0000 r
  R_4/Q (DFFR_X1)                        0.6847     0.6847 f
  U1225/Z (XOR2_X2)                      0.3115     0.9961 f
  U547/ZN (INV_X1)                       0.0950     1.0912 r
  U760/ZN (NAND2_X1)                     0.0577     1.1489 f
  U759/ZN (AOI22_X1)                     0.3766     1.5255 r
  U623/ZN (NAND2_X2)                     0.1160     1.6415 f
  U838/ZN (NOR2_X1)                      0.1585     1.7999 r
  U835/ZN (INV_X1)                       0.0597     1.8596 f
  U501/ZN (NAND4_X1)                     0.2695     2.1291 r
  R_151/D (DFF_X2)                       0.0000     2.1291 r
  data arrival time                                 2.1291

  clock clk (rise edge)                  2.4400     2.4400
  clock network delay (ideal)            0.0000     2.4400
  clock uncertainty                     -0.0500     2.3900
  R_151/CK (DFF_X2)                      0.0000     2.3900 r
  library setup time                    -0.2527     2.1373
  data required time                                2.1373
  -----------------------------------------------------------
  data required time                                2.1373
  data arrival time                                -2.1291
  -----------------------------------------------------------
  slack (MET)                                       0.0082


1
