Information: Updating design information... (UID-85)
 
****************************************
Report : timing
        -path full
        -delay max
        -max_paths 1
Design : MyDesign
Version: P-2019.03-SP1
Date   : Thu Nov 11 01:45:01 2021
****************************************

Operating Conditions: slow   Library: NangateOpenCellLibrary_PDKv1_2_v2008_10_slow_nldm
Wire Load Model Mode: top

  Startpoint: R_111 (rising edge-triggered flip-flop clocked by clk)
  Endpoint: R_13 (rising edge-triggered flip-flop clocked by clk)
  Path Group: clk
  Path Type: max

  Point                                    Incr       Path
  -----------------------------------------------------------
  clock clk (rise edge)                  0.0000     0.0000
  clock network delay (ideal)            0.0000     0.0000
  R_111/CK (DFF_X2)                      0.0000     0.0000 r
  R_111/QN (DFF_X2)                      0.4213     0.4213 r
  U652/Z (BUF_X8)                        0.2097     0.6310 r
  U704/ZN (XNOR2_X2)                     0.3183     0.9492 r
  U670/ZN (XNOR2_X1)                     0.3751     1.3243 r
  U1200/ZN (XNOR2_X1)                    0.3951     1.7193 r
  U1201/ZN (INV_X1)                      0.0796     1.7989 f
  U1085/ZN (NOR3_X1)                     0.3367     2.1357 r
  R_13/D (DFF_X1)                        0.0000     2.1357 r
  data arrival time                                 2.1357

  clock clk (rise edge)                  2.4370     2.4370
  clock network delay (ideal)            0.0000     2.4370
  clock uncertainty                     -0.0500     2.3870
  R_13/CK (DFF_X1)                       0.0000     2.3870 r
  library setup time                    -0.2494     2.1376
  data required time                                2.1376
  -----------------------------------------------------------
  data required time                                2.1376
  data arrival time                                -2.1357
  -----------------------------------------------------------
  slack (MET)                                       0.0019


1
