 
****************************************
Report : area
Design : MyDesign
Version: P-2019.03-SP1
Date   : Thu Nov 11 01:12:58 2021
****************************************

Library(s) Used:

    NangateOpenCellLibrary_PDKv1_2_v2008_10_slow_nldm (File: /afs/eos.ncsu.edu/lockers/research/ece/wdavis/tech/nangate/NangateOpenCellLibrary_PDKv1_2_v2008_10/liberty/520/NangateOpenCellLibrary_PDKv1_2_v2008_10_slow_nldm.db)

Number of ports:                           89
Number of nets:                          1027
Number of cells:                          928
Number of combinational cells:            717
Number of sequential cells:               185
Number of macros/black boxes:               0
Number of buf/inv:                        145
Number of references:                      46

Combinational area:                786.827992
Buf/Inv area:                       77.672001
Noncombinational area:             911.316015
Macro/Black Box area:                0.000000
Net Interconnect area:      undefined  (No wire load specified)

Total cell area:                  1698.144007
Total area:                 undefined
1
