 
****************************************
Report : timing
        -path full
        -delay max
        -max_paths 1
Design : MyDesign
Version: P-2019.03-SP1
Date   : Thu Nov 11 01:12:58 2021
****************************************

Operating Conditions: slow   Library: NangateOpenCellLibrary_PDKv1_2_v2008_10_slow_nldm
Wire Load Model Mode: top

  Startpoint: row1_reg[11]
              (rising edge-triggered flip-flop clocked by clk)
  Endpoint: R_50 (rising edge-triggered flip-flop clocked by clk)
  Path Group: clk
  Path Type: max

  Point                                    Incr       Path
  -----------------------------------------------------------
  clock clk (rise edge)                  0.0000     0.0000
  clock network delay (ideal)            0.0000     0.0000
  row1_reg[11]/CK (DFF_X2)               0.0000     0.0000 r
  row1_reg[11]/QN (DFF_X2)               0.4770     0.4770 r
  U930/Z (XOR2_X1)                       0.5482     1.0252 r
  U513/ZN (XNOR2_X1)                     0.4337     1.4589 r
  U1129/ZN (XNOR2_X2)                    0.3348     1.7936 r
  U829/ZN (INV_X1)                       0.0694     1.8630 f
  U1007/ZN (NAND4_X1)                    0.1459     2.0089 r
  U541/ZN (AND2_X2)                      0.2034     2.2123 r
  R_50/D (DFF_X1)                        0.0000     2.2123 r
  data arrival time                                 2.2123

  clock clk (rise edge)                  2.4340     2.4340
  clock network delay (ideal)            0.0000     2.4340
  clock uncertainty                     -0.0500     2.3840
  R_50/CK (DFF_X1)                       0.0000     2.3840 r
  library setup time                    -0.1701     2.2139
  data required time                                2.2139
  -----------------------------------------------------------
  data required time                                2.2139
  data arrival time                                -2.2123
  -----------------------------------------------------------
  slack (MET)                                       0.0016


1
