 
****************************************
Report : area
Design : MyDesign
Version: P-2019.03-SP1
Date   : Thu Nov 11 01:57:00 2021
****************************************

Library(s) Used:

    NangateOpenCellLibrary_PDKv1_2_v2008_10_slow_nldm (File: /afs/eos.ncsu.edu/lockers/research/ece/wdavis/tech/nangate/NangateOpenCellLibrary_PDKv1_2_v2008_10/liberty/520/NangateOpenCellLibrary_PDKv1_2_v2008_10_slow_nldm.db)

Number of ports:                           89
Number of nets:                           991
Number of cells:                          923
Number of combinational cells:            759
Number of sequential cells:               138
Number of macros/black boxes:               0
Number of buf/inv:                        158
Number of references:                      38

Combinational area:                806.511991
Buf/Inv area:                       85.652001
Noncombinational area:             699.048008
Macro/Black Box area:                0.000000
Net Interconnect area:      undefined  (No wire load specified)

Total cell area:                  1505.559999
Total area:                 undefined
1
