 
****************************************
Report : area
Design : MyDesign
Version: P-2019.03-SP1
Date   : Tue Nov  9 03:49:14 2021
****************************************

Library(s) Used:

    NangateOpenCellLibrary_PDKv1_2_v2008_10_slow_nldm (File: /afs/eos.ncsu.edu/lockers/research/ece/wdavis/tech/nangate/NangateOpenCellLibrary_PDKv1_2_v2008_10/liberty/520/NangateOpenCellLibrary_PDKv1_2_v2008_10_slow_nldm.db)

Number of ports:                           89
Number of nets:                          1136
Number of cells:                         1041
Number of combinational cells:            766
Number of sequential cells:               248
Number of macros/black boxes:               0
Number of buf/inv:                        226
Number of references:                      49

Combinational area:                805.979993
Buf/Inv area:                      122.360001
Noncombinational area:            1245.678016
Macro/Black Box area:                0.000000
Net Interconnect area:      undefined  (No wire load specified)

Total cell area:                  2051.658009
Total area:                 undefined
1
