 
****************************************
Report : timing
        -path full
        -delay max
        -max_paths 1
Design : MyDesign
Version: P-2019.03-SP1
Date   : Tue Nov  9 06:16:24 2021
****************************************

Operating Conditions: slow   Library: NangateOpenCellLibrary_PDKv1_2_v2008_10_slow_nldm
Wire Load Model Mode: top

  Startpoint: weight_reg[6]
              (rising edge-triggered flip-flop clocked by clk)
  Endpoint: R_68 (rising edge-triggered flip-flop clocked by clk)
  Path Group: clk
  Path Type: max

  Point                                    Incr       Path
  -----------------------------------------------------------
  clock clk (rise edge)                  0.0000     0.0000
  clock network delay (ideal)            0.0000     0.0000
  weight_reg[6]/CK (DFFR_X2)             0.0000     0.0000 r
  weight_reg[6]/QN (DFFR_X2)             0.4398     0.4398 f
  U510/ZN (INV_X4)                       0.2154     0.6552 r
  U1260/ZN (XNOR2_X2)                    0.3055     0.9607 r
  U813/ZN (XNOR2_X1)                     0.3912     1.3519 r
  U715/ZN (XNOR2_X2)                     0.3413     1.6933 r
  U713/ZN (NAND3_X2)                     0.1187     1.8120 f
  U564/ZN (AND3_X2)                      0.2103     2.0223 f
  R_68/D (DFF_X1)                        0.0000     2.0223 f
  data arrival time                                 2.0223

  clock clk (rise edge)                  2.3900     2.3900
  clock network delay (ideal)            0.0000     2.3900
  clock uncertainty                     -0.0500     2.3400
  R_68/CK (DFF_X1)                       0.0000     2.3400 r
  library setup time                    -0.3125     2.0275
  data required time                                2.0275
  -----------------------------------------------------------
  data required time                                2.0275
  data arrival time                                -2.0223
  -----------------------------------------------------------
  slack (MET)                                       0.0052


1
