 
****************************************
Report : timing
        -path full
        -delay max
        -max_paths 1
Design : MyDesign
Version: P-2019.03-SP1
Date   : Thu Nov 11 00:42:06 2021
****************************************

Operating Conditions: slow   Library: NangateOpenCellLibrary_PDKv1_2_v2008_10_slow_nldm
Wire Load Model Mode: top

  Startpoint: state_c_reg[0]
              (rising edge-triggered flip-flop clocked by clk)
  Endpoint: R_20 (rising edge-triggered flip-flop clocked by clk)
  Path Group: clk
  Path Type: max

  Point                                    Incr       Path
  -----------------------------------------------------------
  clock clk (rise edge)                  0.0000     0.0000
  clock network delay (ideal)            0.0000     0.0000
  state_c_reg[0]/CK (DFFR_X1)            0.0000     0.0000 r
  state_c_reg[0]/Q (DFFR_X1)             0.7175     0.7175 f
  U661/ZN (NAND3_X2)                     0.1834     0.9010 r
  U513/ZN (NAND2_X1)                     0.0848     0.9858 f
  U935/ZN (NAND2_X2)                     0.0910     1.0767 r
  U664/ZN (NAND2_X2)                     0.0735     1.1503 f
  U663/ZN (NAND2_X2)                     0.1483     1.2985 r
  U662/ZN (NAND2_X4)                     0.1051     1.4036 f
  U519/ZN (NAND2_X2)                     0.1179     1.5215 r
  U881/ZN (NAND2_X1)                     0.1022     1.6237 f
  U934/ZN (NAND3_X1)                     0.2228     1.8465 r
  U500/ZN (INV_X1)                       0.0698     1.9163 f
  R_20/D (DFFS_X2)                       0.0000     1.9163 f
  data arrival time                                 1.9163

  clock clk (rise edge)                  2.4350     2.4350
  clock network delay (ideal)            0.0000     2.4350
  clock uncertainty                     -0.0500     2.3850
  R_20/CK (DFFS_X2)                      0.0000     2.3850 r
  library setup time                    -0.4685     1.9165
  data required time                                1.9165
  -----------------------------------------------------------
  data required time                                1.9165
  data arrival time                                -1.9163
  -----------------------------------------------------------
  slack (MET)                                       0.0001


1
