 
****************************************
Report : area
Design : MyDesign
Version: P-2019.03-SP1
Date   : Tue Nov  9 05:30:19 2021
****************************************

Library(s) Used:

    NangateOpenCellLibrary_PDKv1_2_v2008_10_slow_nldm (File: /afs/eos.ncsu.edu/lockers/research/ece/wdavis/tech/nangate/NangateOpenCellLibrary_PDKv1_2_v2008_10/liberty/520/NangateOpenCellLibrary_PDKv1_2_v2008_10_slow_nldm.db)

Number of ports:                           89
Number of nets:                          1018
Number of cells:                          939
Number of combinational cells:            797
Number of sequential cells:               112
Number of macros/black boxes:               0
Number of buf/inv:                        161
Number of references:                      48

Combinational area:                833.377989
Buf/Inv area:                       88.844001
Noncombinational area:             578.816007
Macro/Black Box area:                0.000000
Net Interconnect area:      undefined  (No wire load specified)

Total cell area:                  1412.193995
Total area:                 undefined
1
