 
****************************************
Report : timing
        -path full
        -delay max
        -max_paths 1
Design : MyDesign
Version: P-2019.03-SP1
Date   : Tue Nov  9 04:15:14 2021
****************************************

Operating Conditions: slow   Library: NangateOpenCellLibrary_PDKv1_2_v2008_10_slow_nldm
Wire Load Model Mode: top

  Startpoint: weight_reg[0]
              (rising edge-triggered flip-flop clocked by clk)
  Endpoint: R_86 (rising edge-triggered flip-flop clocked by clk)
  Path Group: clk
  Path Type: max

  Point                                    Incr       Path
  -----------------------------------------------------------
  clock clk (rise edge)                  0.0000     0.0000
  clock network delay (ideal)            0.0000     0.0000
  weight_reg[0]/CK (DFFR_X1)             0.0000     0.0000 r
  weight_reg[0]/QN (DFFR_X1)             0.4341     0.4341 f
  U1157/ZN (INV_X4)                      0.2153     0.6494 r
  U730/ZN (XNOR2_X1)                     0.3918     1.0413 r
  U817/ZN (AOI21_X1)                     0.1792     1.2204 f
  U816/ZN (AOI21_X1)                     0.4989     1.7193 r
  U1024/ZN (AND4_X1)                     0.3205     2.0398 r
  U1023/ZN (NOR2_X1)                     0.0621     2.1019 f
  R_86/D (DFF_X1)                        0.0000     2.1019 f
  data arrival time                                 2.1019

  clock clk (rise edge)                  2.4600     2.4600
  clock network delay (ideal)            0.0000     2.4600
  clock uncertainty                     -0.0500     2.4100
  R_86/CK (DFF_X1)                       0.0000     2.4100 r
  library setup time                    -0.3076     2.1024
  data required time                                2.1024
  -----------------------------------------------------------
  data required time                                2.1024
  data arrival time                                -2.1019
  -----------------------------------------------------------
  slack (MET)                                       0.0005


1
