 
****************************************
Report : area
Design : MyDesign
Version: P-2019.03-SP1
Date   : Tue Nov  9 04:38:20 2021
****************************************

Library(s) Used:

    NangateOpenCellLibrary_PDKv1_2_v2008_10_slow_nldm (File: /afs/eos.ncsu.edu/lockers/research/ece/wdavis/tech/nangate/NangateOpenCellLibrary_PDKv1_2_v2008_10/liberty/520/NangateOpenCellLibrary_PDKv1_2_v2008_10_slow_nldm.db)

Number of ports:                           89
Number of nets:                          1116
Number of cells:                         1032
Number of combinational cells:            785
Number of sequential cells:               221
Number of macros/black boxes:               0
Number of buf/inv:                        234
Number of references:                      42

Combinational area:                818.215993
Buf/Inv area:                      126.084001
Noncombinational area:            1105.230015
Macro/Black Box area:                0.000000
Net Interconnect area:      undefined  (No wire load specified)

Total cell area:                  1923.446009
Total area:                 undefined
1
