 
****************************************
Report : area
Design : MyDesign
Version: P-2019.03-SP1
Date   : Thu Nov 11 02:04:04 2021
****************************************

Library(s) Used:

    NangateOpenCellLibrary_PDKv1_2_v2008_10_slow_nldm (File: /afs/eos.ncsu.edu/lockers/research/ece/wdavis/tech/nangate/NangateOpenCellLibrary_PDKv1_2_v2008_10/liberty/520/NangateOpenCellLibrary_PDKv1_2_v2008_10_slow_nldm.db)

Number of ports:                           89
Number of nets:                          1027
Number of cells:                          953
Number of combinational cells:            735
Number of sequential cells:               191
Number of macros/black boxes:               0
Number of buf/inv:                        184
Number of references:                      47

Combinational area:                796.403992
Buf/Inv area:                       99.484001
Noncombinational area:             951.216014
Macro/Black Box area:                0.000000
Net Interconnect area:      undefined  (No wire load specified)

Total cell area:                  1747.620006
Total area:                 undefined
1
