 
****************************************
Report : area
Design : MyDesign
Version: P-2019.03-SP1
Date   : Tue Nov  9 05:08:09 2021
****************************************

Library(s) Used:

    NangateOpenCellLibrary_PDKv1_2_v2008_10_slow_nldm (File: /afs/eos.ncsu.edu/lockers/research/ece/wdavis/tech/nangate/NangateOpenCellLibrary_PDKv1_2_v2008_10/liberty/520/NangateOpenCellLibrary_PDKv1_2_v2008_10_slow_nldm.db)

Number of ports:                           89
Number of nets:                           981
Number of cells:                          914
Number of combinational cells:            706
Number of sequential cells:               182
Number of macros/black boxes:               0
Number of buf/inv:                        132
Number of references:                      41

Combinational area:                784.699992
Buf/Inv area:                       72.884000
Noncombinational area:             917.168012
Macro/Black Box area:                0.000000
Net Interconnect area:      undefined  (No wire load specified)

Total cell area:                  1701.868004
Total area:                 undefined
1
