 
****************************************
Report : area
Design : MyDesign
Version: R-2020.09
Date   : Mon Nov 15 19:35:38 2021
****************************************

Library(s) Used:

    NangateOpenCellLibrary_PDKv1_2_v2008_10_slow_nldm (File: /afs/eos.ncsu.edu/lockers/research/ece/wdavis/tech/nangate/NangateOpenCellLibrary_PDKv1_2_v2008_10/liberty/520/NangateOpenCellLibrary_PDKv1_2_v2008_10_slow_nldm.db)

Number of ports:                           89
Number of nets:                          1053
Number of cells:                          963
Number of combinational cells:            758
Number of sequential cells:               179
Number of macros/black boxes:               0
Number of buf/inv:                        159
Number of references:                      42

Combinational area:                815.023991
Buf/Inv area:                       85.386001
Noncombinational area:             908.656016
Macro/Black Box area:                0.000000
Net Interconnect area:      undefined  (No wire load specified)

Total cell area:                  1723.680007
Total area:                 undefined
1
