Information: Updating design information... (UID-85)
 
****************************************
Report : timing
        -path full
        -delay max
        -max_paths 1
Design : MyDesign
Version: P-2019.03-SP1
Date   : Thu Nov 11 02:40:12 2021
****************************************

Operating Conditions: slow   Library: NangateOpenCellLibrary_PDKv1_2_v2008_10_slow_nldm
Wire Load Model Mode: top

  Startpoint: R_94 (rising edge-triggered flip-flop clocked by clk)
  Endpoint: R_28 (rising edge-triggered flip-flop clocked by clk)
  Path Group: clk
  Path Type: max

  Point                                    Incr       Path
  -----------------------------------------------------------
  clock clk (rise edge)                  0.0000     0.0000
  clock network delay (ideal)            0.0000     0.0000
  R_94/CK (DFF_X2)                       0.0000     0.0000 r
  R_94/QN (DFF_X2)                       0.4806     0.4806 r
  U1255/ZN (INV_X4)                      0.1029     0.5836 f
  U883/ZN (XNOR2_X1)                     0.4355     1.0191 r
  U698/ZN (XNOR2_X2)                     0.3696     1.3887 r
  U697/ZN (XNOR2_X2)                     0.3050     1.6937 r
  U1266/ZN (INV_X1)                      0.0994     1.7930 f
  U1269/ZN (NAND4_X2)                    0.1276     1.9206 r
  U1270/ZN (AOI22_X2)                    0.1362     2.0568 f
  R_28/D (DFF_X2)                        0.0000     2.0568 f
  data arrival time                                 2.0568

  clock clk (rise edge)                  2.4310     2.4310
  clock network delay (ideal)            0.0000     2.4310
  clock uncertainty                     -0.0500     2.3810
  R_28/CK (DFF_X2)                       0.0000     2.3810 r
  library setup time                    -0.3236     2.0574
  data required time                                2.0574
  -----------------------------------------------------------
  data required time                                2.0574
  data arrival time                                -2.0568
  -----------------------------------------------------------
  slack (MET)                                       0.0005


1
