 
****************************************
Report : timing
        -path full
        -delay max
        -max_paths 1
Design : MyDesign
Version: P-2019.03-SP1
Date   : Tue Nov  9 02:20:59 2021
****************************************

Operating Conditions: slow   Library: NangateOpenCellLibrary_PDKv1_2_v2008_10_slow_nldm
Wire Load Model Mode: top

  Startpoint: weight_reg[0]
              (rising edge-triggered flip-flop clocked by clk)
  Endpoint: R_31 (rising edge-triggered flip-flop clocked by clk)
  Path Group: clk
  Path Type: max

  Point                                    Incr       Path
  -----------------------------------------------------------
  clock clk (rise edge)                  0.0000     0.0000
  clock network delay (ideal)            0.0000     0.0000
  weight_reg[0]/CK (DFFS_X2)             0.0000     0.0000 r
  weight_reg[0]/Q (DFFS_X2)              0.6901     0.6901 f
  U683/ZN (INV_X4)                       0.1497     0.8398 r
  U1224/ZN (XNOR2_X1)                    0.4593     1.2990 r
  U1226/ZN (XNOR2_X2)                    0.3880     1.6870 r
  U1303/ZN (INV_X4)                      0.0557     1.7427 f
  U1123/ZN (NAND3_X2)                    0.1432     1.8859 r
  U1304/ZN (AOI22_X2)                    0.1173     2.0032 f
  R_31/D (DFF_X2)                        0.0000     2.0032 f
  data arrival time                                 2.0032

  clock clk (rise edge)                  2.3710     2.3710
  clock network delay (ideal)            0.0000     2.3710
  clock uncertainty                     -0.0500     2.3210
  R_31/CK (DFF_X2)                       0.0000     2.3210 r
  library setup time                    -0.3169     2.0041
  data required time                                2.0041
  -----------------------------------------------------------
  data required time                                2.0041
  data arrival time                                -2.0032
  -----------------------------------------------------------
  slack (MET)                                       0.0009


1
