Information: Updating design information... (UID-85)
 
****************************************
Report : timing
        -path full
        -delay max
        -max_paths 1
Design : MyDesign
Version: P-2019.03-SP1
Date   : Wed Nov 10 23:45:24 2021
****************************************

Operating Conditions: slow   Library: NangateOpenCellLibrary_PDKv1_2_v2008_10_slow_nldm
Wire Load Model Mode: top

  Startpoint: R_0 (rising edge-triggered flip-flop clocked by clk)
  Endpoint: R_50 (rising edge-triggered flip-flop clocked by clk)
  Path Group: clk
  Path Type: max

  Point                                    Incr       Path
  -----------------------------------------------------------
  clock clk (rise edge)                  0.0000     0.0000
  clock network delay (ideal)            0.0000     0.0000
  R_0/CK (DFFR_X1)                       0.0000     0.0000 r
  R_0/QN (DFFR_X1)                       0.6075     0.6075 r
  U1142/Z (XOR2_X1)                      0.5740     1.1815 r
  U1166/ZN (XNOR2_X1)                    0.3787     1.5602 r
  U1167/ZN (XNOR2_X1)                    0.1439     1.7042 f
  U1170/ZN (NOR3_X1)                     0.3777     2.0818 r
  U1171/ZN (NOR3_X1)                     0.1005     2.1824 f
  U1172/ZN (AOI21_X1)                    0.3989     2.5812 r
  R_50/D (DFF_X1)                        0.0000     2.5812 r
  data arrival time                                 2.5812

  clock clk (rise edge)                  2.9000     2.9000
  clock network delay (ideal)            0.0000     2.9000
  clock uncertainty                     -0.0500     2.8500
  R_50/CK (DFF_X1)                       0.0000     2.8500 r
  library setup time                    -0.2641     2.5859
  data required time                                2.5859
  -----------------------------------------------------------
  data required time                                2.5859
  data arrival time                                -2.5812
  -----------------------------------------------------------
  slack (MET)                                       0.0047


1
