Information: Updating design information... (UID-85)
 
****************************************
Report : timing
        -path full
        -delay max
        -max_paths 1
Design : MyDesign
Version: P-2019.03-SP1
Date   : Tue Nov  9 06:21:36 2021
****************************************

Operating Conditions: slow   Library: NangateOpenCellLibrary_PDKv1_2_v2008_10_slow_nldm
Wire Load Model Mode: top

  Startpoint: weight_reg[8]
              (rising edge-triggered flip-flop clocked by clk)
  Endpoint: R_34 (rising edge-triggered flip-flop clocked by clk)
  Path Group: clk
  Path Type: max

  Point                                    Incr       Path
  -----------------------------------------------------------
  clock clk (rise edge)                  0.0000     0.0000
  clock network delay (ideal)            0.0000     0.0000
  weight_reg[8]/CK (DFFR_X2)             0.0000     0.0000 r
  weight_reg[8]/QN (DFFR_X2)             0.4121     0.4121 f
  U1121/ZN (INV_X8)                      0.1847     0.5968 r
  U1202/ZN (XNOR2_X2)                    0.3237     0.9205 r
  U796/ZN (XNOR2_X2)                     0.3374     1.2580 r
  U718/ZN (XNOR2_X2)                     0.3273     1.5853 r
  U560/ZN (INV_X2)                       0.0575     1.6428 f
  U721/ZN (NAND3_X2)                     0.1897     1.8325 r
  U720/ZN (NAND2_X2)                     0.0739     1.9064 f
  U716/ZN (NAND3_X2)                     0.1037     2.0101 r
  U712/ZN (NAND2_X2)                     0.0666     2.0767 f
  U536/ZN (INV_X2)                       0.0658     2.1425 r
  R_34/D (DFF_X2)                        0.0000     2.1425 r
  data arrival time                                 2.1425

  clock clk (rise edge)                  2.3600     2.3600
  clock network delay (ideal)            0.0000     2.3600
  clock uncertainty                     -0.0500     2.3100
  R_34/CK (DFF_X2)                       0.0000     2.3100 r
  library setup time                    -0.1674     2.1426
  data required time                                2.1426
  -----------------------------------------------------------
  data required time                                2.1426
  data arrival time                                -2.1425
  -----------------------------------------------------------
  slack (MET)                                       0.0001


1
