Information: Updating design information... (UID-85)
 
****************************************
Report : timing
        -path full
        -delay max
        -max_paths 1
Design : MyDesign
Version: R-2020.09
Date   : Mon Nov 15 19:33:07 2021
****************************************

Operating Conditions: slow   Library: NangateOpenCellLibrary_PDKv1_2_v2008_10_slow_nldm
Wire Load Model Mode: top

  Startpoint: R_27 (rising edge-triggered flip-flop clocked by clk)
  Endpoint: R_83 (rising edge-triggered flip-flop clocked by clk)
  Path Group: clk
  Path Type: max

  Point                                    Incr       Path
  -----------------------------------------------------------
  clock clk (rise edge)                  0.0000     0.0000
  clock network delay (ideal)            0.0000     0.0000
  R_27/CK (DFF_X2)                       0.0000     0.0000 r
  R_27/QN (DFF_X2)                       0.4090     0.4090 r
  U1354/ZN (XNOR2_X2)                    0.3438     0.7527 r
  U1377/ZN (NAND2_X1)                    0.1250     0.8778 f
  U606/ZN (NAND2_X1)                     0.1803     1.0581 r
  U991/ZN (INV_X1)                       0.0661     1.1241 f
  U1431/ZN (NAND2_X1)                    0.1237     1.2478 r
  U1432/ZN (NAND2_X2)                    0.0970     1.3448 f
  U743/ZN (XNOR2_X2)                     0.2466     1.5914 f
  U615/ZN (NAND3_X1)                     0.1759     1.7673 r
  U1464/ZN (NAND3_X1)                    0.0999     1.8672 f
  U1468/ZN (NAND2_X1)                    0.1163     1.9836 r
  U1469/ZN (NAND2_X1)                    0.0831     2.0667 f
  R_83/D (DFF_X1)                        0.0000     2.0667 f
  data arrival time                                 2.0667

  clock clk (rise edge)                  2.4310     2.4310
  clock network delay (ideal)            0.0000     2.4310
  clock uncertainty                     -0.0500     2.3810
  R_83/CK (DFF_X1)                       0.0000     2.3810 r
  library setup time                    -0.3138     2.0672
  data required time                                2.0672
  -----------------------------------------------------------
  data required time                                2.0672
  data arrival time                                -2.0667
  -----------------------------------------------------------
  slack (MET)                                       0.0006


1
