 
****************************************
Report : timing
        -path full
        -delay max
        -max_paths 1
Design : MyDesign
Version: P-2019.03-SP1
Date   : Wed Nov 10 01:37:37 2021
****************************************

Operating Conditions: slow   Library: NangateOpenCellLibrary_PDKv1_2_v2008_10_slow_nldm
Wire Load Model Mode: top

  Startpoint: clk_r_REG171_S1
              (rising edge-triggered flip-flop clocked by clk)
  Endpoint: clk_r_REG123_S2
            (rising edge-triggered flip-flop clocked by clk)
  Path Group: clk
  Path Type: max

  Point                                    Incr       Path
  -----------------------------------------------------------
  clock clk (rise edge)                  0.0000     0.0000
  clock network delay (ideal)            0.0000     0.0000
  clk_r_REG171_S1/CK (DFFR_X2)           0.0000     0.0000 r
  clk_r_REG171_S1/Q (DFFR_X2)            0.7093     0.7093 f
  U974/ZN (XNOR2_X2)                     0.2166     0.9258 r
  U720/ZN (XNOR2_X2)                     0.3129     1.2387 r
  U719/ZN (XNOR2_X2)                     0.3140     1.5527 r
  U657/ZN (NAND3_X2)                     0.1267     1.6794 f
  U656/ZN (NAND2_X2)                     0.0909     1.7703 r
  U694/ZN (NAND2_X2)                     0.0586     1.8289 f
  clk_r_REG123_S2/D (DFF_X1)             0.0000     1.8289 f
  data arrival time                                 1.8289

  clock clk (rise edge)                  2.1200     2.1200
  clock network delay (ideal)            0.0000     2.1200
  clock uncertainty                     -0.0500     2.0700
  clk_r_REG123_S2/CK (DFF_X1)            0.0000     2.0700 r
  library setup time                    -0.3072     1.7628
  data required time                                1.7628
  -----------------------------------------------------------
  data required time                                1.7628
  data arrival time                                -1.8289
  -----------------------------------------------------------
  slack (VIOLATED)                                 -0.0662


1
