 
****************************************
Report : area
Design : MyDesign
Version: R-2020.09
Date   : Mon Nov 15 19:33:59 2021
****************************************

Library(s) Used:

    NangateOpenCellLibrary_PDKv1_2_v2008_10_slow_nldm (File: /afs/eos.ncsu.edu/lockers/research/ece/wdavis/tech/nangate/NangateOpenCellLibrary_PDKv1_2_v2008_10/liberty/520/NangateOpenCellLibrary_PDKv1_2_v2008_10_slow_nldm.db)

Number of ports:                           89
Number of nets:                          1055
Number of cells:                          967
Number of combinational cells:            769
Number of sequential cells:               172
Number of macros/black boxes:               0
Number of buf/inv:                        177
Number of references:                      45

Combinational area:                821.141991
Buf/Inv area:                       96.292001
Noncombinational area:             872.214016
Macro/Black Box area:                0.000000
Net Interconnect area:      undefined  (No wire load specified)

Total cell area:                  1693.356007
Total area:                 undefined
1
