Information: Updating design information... (UID-85)
 
****************************************
Report : timing
        -path full
        -delay max
        -max_paths 1
Design : MyDesign
Version: P-2019.03-SP1
Date   : Thu Nov 11 00:07:25 2021
****************************************

Operating Conditions: slow   Library: NangateOpenCellLibrary_PDKv1_2_v2008_10_slow_nldm
Wire Load Model Mode: top

  Startpoint: weight_reg[1]
              (rising edge-triggered flip-flop clocked by clk)
  Endpoint: R_42 (rising edge-triggered flip-flop clocked by clk)
  Path Group: clk
  Path Type: max

  Point                                    Incr       Path
  -----------------------------------------------------------
  clock clk (rise edge)                  0.0000     0.0000
  clock network delay (ideal)            0.0000     0.0000
  weight_reg[1]/CK (DFF_X2)              0.0000     0.0000 r
  weight_reg[1]/QN (DFF_X2)              0.4529     0.4529 r
  U965/ZN (INV_X8)                       0.0931     0.5460 f
  U882/ZN (XNOR2_X1)                     0.3930     0.9390 r
  U880/ZN (XNOR2_X1)                     0.3994     1.3384 r
  U792/ZN (XNOR2_X2)                     0.3348     1.6731 r
  U1053/ZN (INV_X1)                      0.1005     1.7737 f
  U1054/ZN (NAND3_X1)                    0.1686     1.9423 r
  U1061/ZN (AOI22_X2)                    0.1014     2.0437 f
  R_42/D (DFF_X2)                        0.0000     2.0437 f
  data arrival time                                 2.0437

  clock clk (rise edge)                  2.4200     2.4200
  clock network delay (ideal)            0.0000     2.4200
  clock uncertainty                     -0.0500     2.3700
  R_42/CK (DFF_X2)                       0.0000     2.3700 r
  library setup time                    -0.3237     2.0463
  data required time                                2.0463
  -----------------------------------------------------------
  data required time                                2.0463
  data arrival time                                -2.0437
  -----------------------------------------------------------
  slack (MET)                                       0.0027


1
