Information: Updating design information... (UID-85)
 
****************************************
Report : timing
        -path full
        -delay max
        -max_paths 1
Design : MyDesign
Version: P-2019.03-SP1
Date   : Tue Nov  9 06:15:25 2021
****************************************

Operating Conditions: slow   Library: NangateOpenCellLibrary_PDKv1_2_v2008_10_slow_nldm
Wire Load Model Mode: top

  Startpoint: R_14 (rising edge-triggered flip-flop clocked by clk)
  Endpoint: cnt_w_reg[2]
            (rising edge-triggered flip-flop clocked by clk)
  Path Group: clk
  Path Type: max

  Point                                    Incr       Path
  -----------------------------------------------------------
  clock clk (rise edge)                  0.0000     0.0000
  clock network delay (ideal)            0.0000     0.0000
  R_14/CK (DFFR_X1)                      0.0000     0.0000 r
  R_14/Q (DFFR_X1)                       0.7091     0.7091 f
  U743/ZN (NOR2_X2)                      0.1717     0.8808 r
  U742/ZN (NAND3_X2)                     0.1143     0.9951 f
  U779/ZN (NAND3_X2)                     0.2363     1.2314 r
  U778/ZN (NAND2_X2)                     0.0997     1.3310 f
  U1123/ZN (NAND2_X2)                    0.1702     1.5012 r
  U1124/ZN (INV_X4)                      0.0540     1.5552 f
  U495/ZN (NAND2_X1)                     0.2004     1.7557 r
  U1326/ZN (OAI21_X1)                    0.1289     1.8846 f
  cnt_w_reg[2]/D (DFFR_X1)               0.0000     1.8846 f
  data arrival time                                 1.8846

  clock clk (rise edge)                  2.3700     2.3700
  clock network delay (ideal)            0.0000     2.3700
  clock uncertainty                     -0.0500     2.3200
  cnt_w_reg[2]/CK (DFFR_X1)              0.0000     2.3200 r
  library setup time                    -0.4351     1.8849
  data required time                                1.8849
  -----------------------------------------------------------
  data required time                                1.8849
  data arrival time                                -1.8846
  -----------------------------------------------------------
  slack (MET)                                       0.0004


1
