 
****************************************
Report : area
Design : MyDesign
Version: P-2019.03-SP1
Date   : Tue Nov  9 05:03:12 2021
****************************************

Library(s) Used:

    NangateOpenCellLibrary_PDKv1_2_v2008_10_slow_nldm (File: /afs/eos.ncsu.edu/lockers/research/ece/wdavis/tech/nangate/NangateOpenCellLibrary_PDKv1_2_v2008_10/liberty/520/NangateOpenCellLibrary_PDKv1_2_v2008_10_slow_nldm.db)

Number of ports:                           89
Number of nets:                           977
Number of cells:                          907
Number of combinational cells:            732
Number of sequential cells:               149
Number of macros/black boxes:               0
Number of buf/inv:                        153
Number of references:                      44

Combinational area:                799.329992
Buf/Inv area:                       84.588000
Noncombinational area:             756.504008
Macro/Black Box area:                0.000000
Net Interconnect area:      undefined  (No wire load specified)

Total cell area:                  1555.834000
Total area:                 undefined
1
