 
****************************************
Report : area
Design : MyDesign
Version: P-2019.03-SP1
Date   : Tue Nov  9 04:47:24 2021
****************************************

Library(s) Used:

    NangateOpenCellLibrary_PDKv1_2_v2008_10_slow_nldm (File: /afs/eos.ncsu.edu/lockers/research/ece/wdavis/tech/nangate/NangateOpenCellLibrary_PDKv1_2_v2008_10/liberty/520/NangateOpenCellLibrary_PDKv1_2_v2008_10_slow_nldm.db)

Number of ports:                           89
Number of nets:                          1112
Number of cells:                         1035
Number of combinational cells:            737
Number of sequential cells:               272
Number of macros/black boxes:               0
Number of buf/inv:                        190
Number of references:                      48

Combinational area:                797.467994
Buf/Inv area:                      101.878001
Noncombinational area:            1366.974018
Macro/Black Box area:                0.000000
Net Interconnect area:      undefined  (No wire load specified)

Total cell area:                  2164.442011
Total area:                 undefined
1
