 
****************************************
Report : area
Design : MyDesign
Version: P-2019.03-SP1
Date   : Tue Nov  9 05:09:45 2021
****************************************

Library(s) Used:

    NangateOpenCellLibrary_PDKv1_2_v2008_10_slow_nldm (File: /afs/eos.ncsu.edu/lockers/research/ece/wdavis/tech/nangate/NangateOpenCellLibrary_PDKv1_2_v2008_10/liberty/520/NangateOpenCellLibrary_PDKv1_2_v2008_10_slow_nldm.db)

Number of ports:                           89
Number of nets:                          1060
Number of cells:                          980
Number of combinational cells:            764
Number of sequential cells:               188
Number of macros/black boxes:               0
Number of buf/inv:                        196
Number of references:                      48

Combinational area:                813.693993
Buf/Inv area:                      106.400001
Noncombinational area:             957.334011
Macro/Black Box area:                0.000000
Net Interconnect area:      undefined  (No wire load specified)

Total cell area:                  1771.028004
Total area:                 undefined
1
