 
****************************************
Report : area
Design : MyDesign
Version: P-2019.03-SP1
Date   : Wed Nov 10 23:55:30 2021
****************************************

Library(s) Used:

    NangateOpenCellLibrary_PDKv1_2_v2008_10_slow_nldm (File: /afs/eos.ncsu.edu/lockers/research/ece/wdavis/tech/nangate/NangateOpenCellLibrary_PDKv1_2_v2008_10/liberty/520/NangateOpenCellLibrary_PDKv1_2_v2008_10_slow_nldm.db)

Number of ports:                           89
Number of nets:                          1086
Number of cells:                         1011
Number of combinational cells:            833
Number of sequential cells:               152
Number of macros/black boxes:               0
Number of buf/inv:                        239
Number of references:                      45

Combinational area:                845.613991
Buf/Inv area:                      130.872001
Noncombinational area:             765.282010
Macro/Black Box area:                0.000000
Net Interconnect area:      undefined  (No wire load specified)

Total cell area:                  1610.896001
Total area:                 undefined
1
