 
****************************************
Report : timing
        -path full
        -delay max
        -max_paths 1
Design : MyDesign
Version: P-2019.03-SP1
Date   : Wed Nov 10 23:55:30 2021
****************************************

Operating Conditions: slow   Library: NangateOpenCellLibrary_PDKv1_2_v2008_10_slow_nldm
Wire Load Model Mode: top

  Startpoint: R_29 (rising edge-triggered flip-flop clocked by clk)
  Endpoint: R_50 (rising edge-triggered flip-flop clocked by clk)
  Path Group: clk
  Path Type: max

  Point                                    Incr       Path
  -----------------------------------------------------------
  clock clk (rise edge)                  0.0000     0.0000
  clock network delay (ideal)            0.0000     0.0000
  R_29/CK (DFF_X2)                       0.0000     0.0000 r
  R_29/QN (DFF_X2)                       0.3320     0.3320 f
  U759/ZN (INV_X4)                       0.1956     0.5276 r
  U846/ZN (XNOR2_X1)                     0.4121     0.9397 r
  U578/ZN (XNOR2_X1)                     0.4257     1.3654 r
  U702/ZN (XNOR2_X2)                     0.3514     1.7168 r
  U560/ZN (INV_X2)                       0.0605     1.7773 f
  U705/ZN (NAND3_X2)                     0.1238     1.9011 r
  U704/ZN (NAND2_X2)                     0.0725     1.9736 f
  U700/ZN (NAND2_X2)                     0.1023     2.0759 r
  U699/ZN (NAND2_X2)                     0.0580     2.1338 f
  U533/ZN (INV_X2)                       0.0612     2.1951 r
  R_50/D (DFF_X2)                        0.0000     2.1951 r
  data arrival time                                 2.1951

  clock clk (rise edge)                  2.4200     2.4200
  clock network delay (ideal)            0.0000     2.4200
  clock uncertainty                     -0.0500     2.3700
  R_50/CK (DFF_X2)                       0.0000     2.3700 r
  library setup time                    -0.1670     2.2030
  data required time                                2.2030
  -----------------------------------------------------------
  data required time                                2.2030
  data arrival time                                -2.1951
  -----------------------------------------------------------
  slack (MET)                                       0.0079


1
