 
****************************************
Report : area
Design : MyDesign
Version: P-2019.03-SP1
Date   : Tue Nov  9 06:55:55 2021
****************************************

Library(s) Used:

    NangateOpenCellLibrary_PDKv1_2_v2008_10_slow_nldm (File: /afs/eos.ncsu.edu/lockers/research/ece/wdavis/tech/nangate/NangateOpenCellLibrary_PDKv1_2_v2008_10/liberty/520/NangateOpenCellLibrary_PDKv1_2_v2008_10_slow_nldm.db)

Number of ports:                           89
Number of nets:                          1171
Number of cells:                         1051
Number of combinational cells:            839
Number of sequential cells:               180
Number of macros/black boxes:               0
Number of buf/inv:                        216
Number of references:                      51

Combinational area:                850.135992
Buf/Inv area:                      120.498001
Noncombinational area:             908.390014
Macro/Black Box area:                0.000000
Net Interconnect area:      undefined  (No wire load specified)

Total cell area:                  1758.526006
Total area:                 undefined
1
