Information: Updating design information... (UID-85)
 
****************************************
Report : timing
        -path full
        -delay max
        -max_paths 1
Design : MyDesign
Version: P-2019.03-SP1
Date   : Tue Nov  9 04:14:33 2021
****************************************

Operating Conditions: slow   Library: NangateOpenCellLibrary_PDKv1_2_v2008_10_slow_nldm
Wire Load Model Mode: top

  Startpoint: row2_reg[5]
              (rising edge-triggered flip-flop clocked by clk)
  Endpoint: R_92 (rising edge-triggered flip-flop clocked by clk)
  Path Group: clk
  Path Type: max

  Point                                    Incr       Path
  -----------------------------------------------------------
  clock clk (rise edge)                  0.0000     0.0000
  clock network delay (ideal)            0.0000     0.0000
  row2_reg[5]/CK (DFF_X1)                0.0000     0.0000 r
  row2_reg[5]/QN (DFF_X1)                0.5534     0.5534 r
  U931/ZN (XNOR2_X1)                     0.4549     1.0083 r
  U1286/ZN (XNOR2_X2)                    0.3462     1.3545 r
  U1287/ZN (XNOR2_X2)                    0.3069     1.6614 r
  U911/ZN (INV_X1)                       0.0788     1.7402 f
  U910/ZN (NAND3_X2)                     0.1772     1.9174 r
  U1088/ZN (AOI22_X1)                    0.1172     2.0346 f
  R_92/D (DFF_X1)                        0.0000     2.0346 f
  data arrival time                                 2.0346

  clock clk (rise edge)                  2.4400     2.4400
  clock network delay (ideal)            0.0000     2.4400
  clock uncertainty                     -0.0500     2.3900
  R_92/CK (DFF_X1)                       0.0000     2.3900 r
  library setup time                    -0.3530     2.0370
  data required time                                2.0370
  -----------------------------------------------------------
  data required time                                2.0370
  data arrival time                                -2.0346
  -----------------------------------------------------------
  slack (MET)                                       0.0024


1
