Information: Updating design information... (UID-85)
 
****************************************
Report : timing
        -path full
        -delay max
        -max_paths 1
Design : MyDesign
Version: P-2019.03-SP1
Date   : Wed Nov 10 23:50:15 2021
****************************************

Operating Conditions: slow   Library: NangateOpenCellLibrary_PDKv1_2_v2008_10_slow_nldm
Wire Load Model Mode: top

  Startpoint: weight_reg[1]
              (rising edge-triggered flip-flop clocked by clk)
  Endpoint: R_22 (rising edge-triggered flip-flop clocked by clk)
  Path Group: clk
  Path Type: max

  Point                                    Incr       Path
  -----------------------------------------------------------
  clock clk (rise edge)                  0.0000     0.0000
  clock network delay (ideal)            0.0000     0.0000
  weight_reg[1]/CK (DFFR_X1)             0.0000     0.0000 r
  weight_reg[1]/QN (DFFR_X1)             0.4061     0.4061 f
  U509/ZN (INV_X4)                       0.2557     0.6617 r
  U918/ZN (XNOR2_X1)                     0.4062     1.0679 r
  U515/ZN (XNOR2_X1)                     0.3987     1.4667 r
  U982/ZN (XNOR2_X1)                     0.3613     1.8279 r
  U809/ZN (INV_X1)                       0.1085     1.9365 f
  U1307/ZN (NAND3_X2)                    0.1229     2.0593 r
  U1308/ZN (INV_X1)                      0.0591     2.1185 f
  U1133/ZN (NAND2_X1)                    0.1169     2.2353 r
  R_22/D (DFF_X1)                        0.0000     2.2353 r
  data arrival time                                 2.2353

  clock clk (rise edge)                  2.4900     2.4900
  clock network delay (ideal)            0.0000     2.4900
  clock uncertainty                     -0.0500     2.4400
  R_22/CK (DFF_X1)                       0.0000     2.4400 r
  library setup time                    -0.2041     2.2359
  data required time                                2.2359
  -----------------------------------------------------------
  data required time                                2.2359
  data arrival time                                -2.2353
  -----------------------------------------------------------
  slack (MET)                                       0.0006


1
