 
****************************************
Report : area
Design : MyDesign
Version: P-2019.03-SP1
Date   : Tue Nov  9 06:54:12 2021
****************************************

Library(s) Used:

    NangateOpenCellLibrary_PDKv1_2_v2008_10_slow_nldm (File: /afs/eos.ncsu.edu/lockers/research/ece/wdavis/tech/nangate/NangateOpenCellLibrary_PDKv1_2_v2008_10/liberty/520/NangateOpenCellLibrary_PDKv1_2_v2008_10_slow_nldm.db)

Number of ports:                           89
Number of nets:                          1175
Number of cells:                         1051
Number of combinational cells:            842
Number of sequential cells:               179
Number of macros/black boxes:               0
Number of buf/inv:                        199
Number of references:                      47

Combinational area:                852.263992
Buf/Inv area:                      110.656001
Noncombinational area:             899.612013
Macro/Black Box area:                0.000000
Net Interconnect area:      undefined  (No wire load specified)

Total cell area:                  1751.876005
Total area:                 undefined
1
