Information: Updating design information... (UID-85)
 
****************************************
Report : timing
        -path full
        -delay max
        -max_paths 1
Design : MyDesign
Version: P-2019.03-SP1
Date   : Tue Nov  9 04:16:17 2021
****************************************

Operating Conditions: slow   Library: NangateOpenCellLibrary_PDKv1_2_v2008_10_slow_nldm
Wire Load Model Mode: top

  Startpoint: weight_reg[5]
              (rising edge-triggered flip-flop clocked by clk)
  Endpoint: R_166 (rising edge-triggered flip-flop clocked by clk)
  Path Group: clk
  Path Type: max

  Point                                    Incr       Path
  -----------------------------------------------------------
  clock clk (rise edge)                  0.0000     0.0000
  clock network delay (ideal)            0.0000     0.0000
  weight_reg[5]/CK (DFFR_X2)             0.0000     0.0000 r
  weight_reg[5]/QN (DFFR_X2)             0.5160     0.5160 r
  U690/ZN (INV_X4)                       0.1035     0.6195 f
  U689/ZN (XNOR2_X1)                     0.4340     1.0535 r
  U770/ZN (XNOR2_X2)                     0.3694     1.4229 r
  U692/ZN (XNOR2_X2)                     0.3358     1.7587 r
  U691/ZN (NAND3_X1)                     0.1437     1.9024 f
  U509/ZN (AND2_X1)                      0.2341     2.1366 f
  R_166/D (DFF_X2)                       0.0000     2.1366 f
  data arrival time                                 2.1366

  clock clk (rise edge)                  2.4900     2.4900
  clock network delay (ideal)            0.0000     2.4900
  clock uncertainty                     -0.0500     2.4400
  R_166/CK (DFF_X2)                      0.0000     2.4400 r
  library setup time                    -0.3008     2.1392
  data required time                                2.1392
  -----------------------------------------------------------
  data required time                                2.1392
  data arrival time                                -2.1366
  -----------------------------------------------------------
  slack (MET)                                       0.0026


1
