Information: Updating design information... (UID-85)
 
****************************************
Report : timing
        -path full
        -delay max
        -max_paths 1
Design : MyDesign
Version: P-2019.03-SP1
Date   : Thu Nov 11 02:22:13 2021
****************************************

Operating Conditions: slow   Library: NangateOpenCellLibrary_PDKv1_2_v2008_10_slow_nldm
Wire Load Model Mode: top

  Startpoint: row2_reg[8]
              (rising edge-triggered flip-flop clocked by clk)
  Endpoint: R_78 (rising edge-triggered flip-flop clocked by clk)
  Path Group: clk
  Path Type: max

  Point                                    Incr       Path
  -----------------------------------------------------------
  clock clk (rise edge)                  0.0000     0.0000
  clock network delay (ideal)            0.0000     0.0000
  row2_reg[8]/CK (DFF_X1)                0.0000     0.0000 r
  row2_reg[8]/Q (DFF_X1)                 0.6261     0.6261 f
  U773/ZN (XNOR2_X1)                     0.3698     0.9959 r
  U1153/ZN (XNOR2_X2)                    0.3464     1.3423 r
  U1154/ZN (XNOR2_X2)                    0.3292     1.6716 r
  U553/ZN (INV_X2)                       0.0578     1.7294 f
  U1155/ZN (NAND3_X2)                    0.1891     1.9184 r
  U732/ZN (AOI22_X2)                     0.1244     2.0428 f
  R_78/D (DFF_X1)                        0.0000     2.0428 f
  data arrival time                                 2.0428

  clock clk (rise edge)                  2.4340     2.4340
  clock network delay (ideal)            0.0000     2.4340
  clock uncertainty                     -0.0500     2.3840
  R_78/CK (DFF_X1)                       0.0000     2.3840 r
  library setup time                    -0.3388     2.0452
  data required time                                2.0452
  -----------------------------------------------------------
  data required time                                2.0452
  data arrival time                                -2.0428
  -----------------------------------------------------------
  slack (MET)                                       0.0024


1
