 
****************************************
Report : timing
        -path full
        -delay max
        -max_paths 1
Design : MyDesign
Version: P-2019.03-SP1
Date   : Tue Nov  9 03:53:23 2021
****************************************

Operating Conditions: slow   Library: NangateOpenCellLibrary_PDKv1_2_v2008_10_slow_nldm
Wire Load Model Mode: top

  Startpoint: row1_reg[13]
              (rising edge-triggered flip-flop clocked by clk)
  Endpoint: dut_sram_write_data_reg[11]
            (rising edge-triggered flip-flop clocked by clk)
  Path Group: clk
  Path Type: max

  Point                                                   Incr       Path
  --------------------------------------------------------------------------
  clock clk (rise edge)                                 0.0000     0.0000
  clock network delay (ideal)                           0.0000     0.0000
  row1_reg[13]/CK (DFF_X2)                              0.0000     0.0000 r
  row1_reg[13]/Q (DFF_X2)                               0.6219     0.6219 f
  U970/ZN (XNOR2_X1)                                    0.4436     1.0655 r
  U1273/ZN (XNOR2_X2)                                   0.3463     1.4118 r
  U1170/ZN (XNOR2_X2)                                   0.3076     1.7194 r
  U1115/ZN (NOR2_X2)                                    0.0907     1.8101 f
  U1113/ZN (NAND2_X2)                                   0.1149     1.9249 r
  U843/ZN (OAI211_X4)                                   0.1248     2.0498 f
  U842/ZN (NAND3_X2)                                    0.1276     2.1774 r
  dut_sram_write_data_reg[11]/D (DFF_X2)                0.0000     2.1774 r
  data arrival time                                                2.1774

  clock clk (rise edge)                                 2.4300     2.4300
  clock network delay (ideal)                           0.0000     2.4300
  clock uncertainty                                    -0.0500     2.3800
  dut_sram_write_data_reg[11]/CK (DFF_X2)               0.0000     2.3800 r
  library setup time                                   -0.2009     2.1791
  data required time                                               2.1791
  --------------------------------------------------------------------------
  data required time                                               2.1791
  data arrival time                                               -2.1774
  --------------------------------------------------------------------------
  slack (MET)                                                      0.0018


1
