 
****************************************
Report : area
Design : MyDesign
Version: P-2019.03-SP1
Date   : Thu Nov 11 01:48:39 2021
****************************************

Library(s) Used:

    NangateOpenCellLibrary_PDKv1_2_v2008_10_slow_nldm (File: /afs/eos.ncsu.edu/lockers/research/ece/wdavis/tech/nangate/NangateOpenCellLibrary_PDKv1_2_v2008_10/liberty/520/NangateOpenCellLibrary_PDKv1_2_v2008_10_slow_nldm.db)

Number of ports:                           89
Number of nets:                          1028
Number of cells:                          944
Number of combinational cells:            770
Number of sequential cells:               143
Number of macros/black boxes:               0
Number of buf/inv:                        173
Number of references:                      47

Combinational area:                816.619991
Buf/Inv area:                       93.632001
Noncombinational area:             715.274011
Macro/Black Box area:                0.000000
Net Interconnect area:      undefined  (No wire load specified)

Total cell area:                  1531.894002
Total area:                 undefined
1
