 
****************************************
Report : timing
        -path full
        -delay max
        -max_paths 1
Design : MyDesign
Version: P-2019.03-SP1
Date   : Tue Nov  9 05:28:56 2021
****************************************

Operating Conditions: slow   Library: NangateOpenCellLibrary_PDKv1_2_v2008_10_slow_nldm
Wire Load Model Mode: top

  Startpoint: state_c_reg[2]
              (rising edge-triggered flip-flop clocked by clk)
  Endpoint: R_53 (rising edge-triggered flip-flop clocked by clk)
  Path Group: clk
  Path Type: max

  Point                                    Incr       Path
  -----------------------------------------------------------
  clock clk (rise edge)                  0.0000     0.0000
  clock network delay (ideal)            0.0000     0.0000
  state_c_reg[2]/CK (DFFR_X1)            0.0000     0.0000 r
  state_c_reg[2]/Q (DFFR_X1)             0.7026     0.7026 f
  U1023/ZN (NAND2_X1)                    0.2025     0.9051 r
  U565/ZN (INV_X2)                       0.0557     0.9608 f
  U642/ZN (NAND3_X2)                     0.0964     1.0572 r
  U644/ZN (NAND2_X2)                     0.0971     1.1544 f
  U643/ZN (NAND2_X2)                     0.1444     1.2988 r
  U1059/ZN (NAND2_X4)                    0.1054     1.4042 f
  U518/ZN (NAND2_X2)                     0.1291     1.5333 r
  U639/ZN (NAND2_X2)                     0.0858     1.6191 f
  U638/ZN (AND3_X2)                      0.2963     1.9154 f
  R_53/D (DFFS_X2)                       0.0000     1.9154 f
  data arrival time                                 1.9154

  clock clk (rise edge)                  2.4350     2.4350
  clock network delay (ideal)            0.0000     2.4350
  clock uncertainty                     -0.0500     2.3850
  R_53/CK (DFFS_X2)                      0.0000     2.3850 r
  library setup time                    -0.4694     1.9156
  data required time                                1.9156
  -----------------------------------------------------------
  data required time                                1.9156
  data arrival time                                -1.9154
  -----------------------------------------------------------
  slack (MET)                                       0.0002


1
