 
****************************************
Report : area
Design : MyDesign
Version: P-2019.03-SP1
Date   : Thu Nov 11 02:11:06 2021
****************************************

Library(s) Used:

    NangateOpenCellLibrary_PDKv1_2_v2008_10_slow_nldm (File: /afs/eos.ncsu.edu/lockers/research/ece/wdavis/tech/nangate/NangateOpenCellLibrary_PDKv1_2_v2008_10/liberty/520/NangateOpenCellLibrary_PDKv1_2_v2008_10_slow_nldm.db)

Number of ports:                           89
Number of nets:                          1064
Number of cells:                          983
Number of combinational cells:            714
Number of sequential cells:               242
Number of macros/black boxes:               0
Number of buf/inv:                        168
Number of references:                      47

Combinational area:                782.837992
Buf/Inv area:                       90.440001
Noncombinational area:            1198.596019
Macro/Black Box area:                0.000000
Net Interconnect area:      undefined  (No wire load specified)

Total cell area:                  1981.434011
Total area:                 undefined
1
