 
****************************************
Report : area
Design : MyDesign
Version: P-2019.03-SP1
Date   : Tue Nov  9 05:07:46 2021
****************************************

Library(s) Used:

    NangateOpenCellLibrary_PDKv1_2_v2008_10_slow_nldm (File: /afs/eos.ncsu.edu/lockers/research/ece/wdavis/tech/nangate/NangateOpenCellLibrary_PDKv1_2_v2008_10/liberty/520/NangateOpenCellLibrary_PDKv1_2_v2008_10_slow_nldm.db)

Number of ports:                           89
Number of nets:                          1023
Number of cells:                          953
Number of combinational cells:            770
Number of sequential cells:               157
Number of macros/black boxes:               0
Number of buf/inv:                        172
Number of references:                      43

Combinational area:                820.875991
Buf/Inv area:                       94.164001
Noncombinational area:             795.074009
Macro/Black Box area:                0.000000
Net Interconnect area:      undefined  (No wire load specified)

Total cell area:                  1615.950001
Total area:                 undefined
1
