Information: Updating design information... (UID-85)
 
****************************************
Report : timing
        -path full
        -delay max
        -max_paths 1
Design : MyDesign
Version: P-2019.03-SP1
Date   : Tue Nov  9 05:07:43 2021
****************************************

Operating Conditions: slow   Library: NangateOpenCellLibrary_PDKv1_2_v2008_10_slow_nldm
Wire Load Model Mode: top

  Startpoint: weight_reg[8]
              (rising edge-triggered flip-flop clocked by clk)
  Endpoint: R_62 (rising edge-triggered flip-flop clocked by clk)
  Path Group: clk
  Path Type: max

  Point                                    Incr       Path
  -----------------------------------------------------------
  clock clk (rise edge)                  0.0000     0.0000
  clock network delay (ideal)            0.0000     0.0000
  weight_reg[8]/CK (DFFR_X2)             0.0000     0.0000 r
  weight_reg[8]/QN (DFFR_X2)             0.3857     0.3857 f
  U717/ZN (INV_X4)                       0.1924     0.5781 r
  U620/Z (CLKBUF_X3)                     0.2024     0.7805 r
  U1168/ZN (XNOR2_X1)                    0.3911     1.1717 r
  U756/ZN (XNOR2_X2)                     0.3463     1.5179 r
  U714/ZN (XNOR2_X2)                     0.3192     1.8371 r
  U687/ZN (NAND3_X2)                     0.1055     1.9426 f
  U685/ZN (NAND3_X2)                     0.1167     2.0593 r
  U836/ZN (NAND2_X2)                     0.0666     2.1259 f
  U531/ZN (INV_X2)                       0.0658     2.1917 r
  R_62/D (DFF_X1)                        0.0000     2.1917 r
  data arrival time                                 2.1917

  clock clk (rise edge)                  2.4100     2.4100
  clock network delay (ideal)            0.0000     2.4100
  clock uncertainty                     -0.0500     2.3600
  R_62/CK (DFF_X1)                       0.0000     2.3600 r
  library setup time                    -0.1673     2.1927
  data required time                                2.1927
  -----------------------------------------------------------
  data required time                                2.1927
  data arrival time                                -2.1917
  -----------------------------------------------------------
  slack (MET)                                       0.0010


1
