Information: Updating design information... (UID-85)
 
****************************************
Report : timing
        -path full
        -delay max
        -max_paths 1
Design : MyDesign
Version: P-2019.03-SP1
Date   : Tue Nov  9 02:41:10 2021
****************************************

Operating Conditions: slow   Library: NangateOpenCellLibrary_PDKv1_2_v2008_10_slow_nldm
Wire Load Model Mode: top

  Startpoint: row0_reg[5]
              (rising edge-triggered flip-flop clocked by clk)
  Endpoint: R_36 (rising edge-triggered flip-flop clocked by clk)
  Path Group: clk
  Path Type: max

  Point                                    Incr       Path
  -----------------------------------------------------------
  clock clk (rise edge)                  0.0000     0.0000
  clock network delay (ideal)            0.0000     0.0000
  row0_reg[5]/CK (DFF_X1)                0.0000     0.0000 r
  row0_reg[5]/Q (DFF_X1)                 0.6184     0.6184 f
  U701/ZN (XNOR2_X1)                     0.4505     1.0689 r
  U1102/ZN (XNOR2_X2)                    0.3464     1.4153 r
  U1103/ZN (XNOR2_X2)                    0.3082     1.7235 r
  U1202/ZN (INV_X1)                      0.1005     1.8241 f
  U667/ZN (NAND4_X2)                     0.1281     1.9522 r
  U666/ZN (AOI22_X2)                     0.1362     2.0884 f
  R_36/D (DFF_X1)                        0.0000     2.0884 f
  data arrival time                                 2.0884

  clock clk (rise edge)                  2.4700     2.4700
  clock network delay (ideal)            0.0000     2.4700
  clock uncertainty                     -0.0500     2.4200
  R_36/CK (DFF_X1)                       0.0000     2.4200 r
  library setup time                    -0.3289     2.0911
  data required time                                2.0911
  -----------------------------------------------------------
  data required time                                2.0911
  data arrival time                                -2.0884
  -----------------------------------------------------------
  slack (MET)                                       0.0026


1
