Information: Updating design information... (UID-85)
 
****************************************
Report : timing
        -path full
        -delay max
        -max_paths 1
Design : MyDesign
Version: P-2019.03-SP1
Date   : Tue Nov  9 06:18:30 2021
****************************************

Operating Conditions: slow   Library: NangateOpenCellLibrary_PDKv1_2_v2008_10_slow_nldm
Wire Load Model Mode: top

  Startpoint: weight_reg[2]
              (rising edge-triggered flip-flop clocked by clk)
  Endpoint: dut_sram_write_data_reg[12]
            (rising edge-triggered flip-flop clocked by clk)
  Path Group: clk
  Path Type: max

  Point                                                   Incr       Path
  --------------------------------------------------------------------------
  clock clk (rise edge)                                 0.0000     0.0000
  clock network delay (ideal)                           0.0000     0.0000
  weight_reg[2]/CK (DFFR_X2)                            0.0000     0.0000 r
  weight_reg[2]/Q (DFFR_X2)                             0.6928     0.6928 f
  U1045/ZN (XNOR2_X2)                                   0.2492     0.9420 r
  U981/ZN (XNOR2_X2)                                    0.3231     1.2651 r
  U906/ZN (XNOR2_X2)                                    0.3174     1.5825 r
  U904/ZN (NAND3_X2)                                    0.1199     1.7025 f
  U727/ZN (NAND3_X2)                                    0.1156     1.8180 r
  U899/ZN (NAND2_X2)                                    0.0779     1.8959 f
  U961/ZN (INV_X4)                                      0.0576     1.9535 r
  U1055/ZN (AOI21_X2)                                   0.0518     2.0053 f
  dut_sram_write_data_reg[12]/D (DFF_X2)                0.0000     2.0053 f
  data arrival time                                                2.0053

  clock clk (rise edge)                                 2.3100     2.3100
  clock network delay (ideal)                           0.0000     2.3100
  clock uncertainty                                    -0.0500     2.2600
  dut_sram_write_data_reg[12]/CK (DFF_X2)               0.0000     2.2600 r
  library setup time                                   -0.3051     1.9549
  data required time                                               1.9549
  --------------------------------------------------------------------------
  data required time                                               1.9549
  data arrival time                                               -2.0053
  --------------------------------------------------------------------------
  slack (VIOLATED)                                                -0.0504


1
