Information: Updating design information... (UID-85)
 
****************************************
Report : timing
        -path full
        -delay max
        -max_paths 1
Design : MyDesign
Version: P-2019.03-SP1
Date   : Tue Nov  9 06:02:08 2021
****************************************

Operating Conditions: slow   Library: NangateOpenCellLibrary_PDKv1_2_v2008_10_slow_nldm
Wire Load Model Mode: top

  Startpoint: flag_last_reg
              (rising edge-triggered flip-flop clocked by clk)
  Endpoint: R_32 (rising edge-triggered flip-flop clocked by clk)
  Path Group: clk
  Path Type: max

  Point                                    Incr       Path
  -----------------------------------------------------------
  clock clk (rise edge)                  0.0000     0.0000
  clock network delay (ideal)            0.0000     0.0000
  flag_last_reg/CK (DFF_X1)              0.0000     0.0000 r
  flag_last_reg/Q (DFF_X1)               0.5546     0.5546 f
  U506/ZN (NOR2_X1)                      0.2558     0.8104 r
  U1171/ZN (NAND3_X2)                    0.1388     0.9492 f
  U1170/ZN (NAND3_X2)                    0.2387     1.1879 r
  U835/ZN (NAND2_X4)                     0.0943     1.2822 f
  U832/ZN (NAND2_X4)                     0.1525     1.4347 r
  U1052/ZN (NAND3_X1)                    0.1053     1.5400 f
  U602/ZN (OAI211_X2)                    0.2496     1.7895 r
  U486/ZN (NAND3_X2)                     0.1131     1.9026 f
  R_32/D (DFFS_X2)                       0.0000     1.9026 f
  data arrival time                                 1.9026

  clock clk (rise edge)                  2.4280     2.4280
  clock network delay (ideal)            0.0000     2.4280
  clock uncertainty                     -0.0500     2.3780
  R_32/CK (DFFS_X2)                      0.0000     2.3780 r
  library setup time                    -0.4750     1.9030
  data required time                                1.9030
  -----------------------------------------------------------
  data required time                                1.9030
  data arrival time                                -1.9026
  -----------------------------------------------------------
  slack (MET)                                       0.0004


1
