 
****************************************
Report : area
Design : MyDesign
Version: P-2019.03-SP1
Date   : Tue Nov  9 02:22:31 2021
****************************************

Library(s) Used:

    NangateOpenCellLibrary_PDKv1_2_v2008_10_slow_nldm (File: /afs/eos.ncsu.edu/lockers/research/ece/wdavis/tech/nangate/NangateOpenCellLibrary_PDKv1_2_v2008_10/liberty/520/NangateOpenCellLibrary_PDKv1_2_v2008_10_slow_nldm.db)

Number of ports:                           89
Number of nets:                          1084
Number of cells:                         1019
Number of combinational cells:            832
Number of sequential cells:               158
Number of macros/black boxes:               0
Number of buf/inv:                        218
Number of references:                      46

Combinational area:                846.411990
Buf/Inv area:                      119.168001
Noncombinational area:             807.576009
Macro/Black Box area:                0.000000
Net Interconnect area:      undefined  (No wire load specified)

Total cell area:                  1653.987999
Total area:                 undefined
1
