 
****************************************
Report : area
Design : MyDesign
Version: P-2019.03-SP1
Date   : Tue Nov  9 05:28:34 2021
****************************************

Library(s) Used:

    NangateOpenCellLibrary_PDKv1_2_v2008_10_slow_nldm (File: /afs/eos.ncsu.edu/lockers/research/ece/wdavis/tech/nangate/NangateOpenCellLibrary_PDKv1_2_v2008_10/liberty/520/NangateOpenCellLibrary_PDKv1_2_v2008_10_slow_nldm.db)

Number of ports:                           89
Number of nets:                           974
Number of cells:                          909
Number of combinational cells:            703
Number of sequential cells:               180
Number of macros/black boxes:               0
Number of buf/inv:                        142
Number of references:                      42

Combinational area:                783.103993
Buf/Inv area:                       77.672001
Noncombinational area:             905.730011
Macro/Black Box area:                0.000000
Net Interconnect area:      undefined  (No wire load specified)

Total cell area:                  1688.834005
Total area:                 undefined
1
