 
****************************************
Report : timing
        -path full
        -delay max
        -max_paths 1
Design : MyDesign
Version: P-2019.03-SP1
Date   : Tue Nov  9 05:28:34 2021
****************************************

Operating Conditions: slow   Library: NangateOpenCellLibrary_PDKv1_2_v2008_10_slow_nldm
Wire Load Model Mode: top

  Startpoint: weight_reg[1]
              (rising edge-triggered flip-flop clocked by clk)
  Endpoint: R_120 (rising edge-triggered flip-flop clocked by clk)
  Path Group: clk
  Path Type: max

  Point                                    Incr       Path
  -----------------------------------------------------------
  clock clk (rise edge)                  0.0000     0.0000
  clock network delay (ideal)            0.0000     0.0000
  weight_reg[1]/CK (DFFR_X1)             0.0000     0.0000 r
  weight_reg[1]/Q (DFFR_X1)              0.6832     0.6832 f
  U1268/ZN (XNOR2_X2)                    0.2665     0.9497 f
  U832/ZN (OR2_X1)                       0.3029     1.2526 f
  U677/ZN (AOI22_X1)                     0.3467     1.5992 r
  U508/ZN (NAND2_X1)                     0.1466     1.7459 f
  U507/ZN (INV_X1)                       0.1175     1.8634 r
  U1284/ZN (NAND2_X2)                    0.0590     1.9224 f
  U1285/ZN (NAND4_X2)                    0.2381     2.1605 r
  R_120/D (DFF_X2)                       0.0000     2.1605 r
  data arrival time                                 2.1605

  clock clk (rise edge)                  2.4340     2.4340
  clock network delay (ideal)            0.0000     2.4340
  clock uncertainty                     -0.0500     2.3840
  R_120/CK (DFF_X2)                      0.0000     2.3840 r
  library setup time                    -0.2234     2.1606
  data required time                                2.1606
  -----------------------------------------------------------
  data required time                                2.1606
  data arrival time                                -2.1605
  -----------------------------------------------------------
  slack (MET)                                       0.0000


1
