Information: Updating design information... (UID-85)
 
****************************************
Report : timing
        -path full
        -delay max
        -max_paths 1
Design : MyDesign
Version: P-2019.03-SP1
Date   : Thu Nov 11 01:01:28 2021
****************************************

Operating Conditions: slow   Library: NangateOpenCellLibrary_PDKv1_2_v2008_10_slow_nldm
Wire Load Model Mode: top

  Startpoint: R_122 (rising edge-triggered flip-flop clocked by clk)
  Endpoint: R_57 (rising edge-triggered flip-flop clocked by clk)
  Path Group: clk
  Path Type: max

  Point                                    Incr       Path
  -----------------------------------------------------------
  clock clk (rise edge)                  0.0000     0.0000
  clock network delay (ideal)            0.0000     0.0000
  R_122/CK (DFF_X2)                      0.0000     0.0000 r
  R_122/QN (DFF_X2)                      0.5474     0.5474 r
  U907/ZN (XNOR2_X1)                     0.3902     0.9376 r
  U562/ZN (INV_X2)                       0.0882     1.0258 f
  U479/ZN (AOI22_X1)                     0.5191     1.5449 r
  U1198/ZN (NAND2_X2)                    0.1256     1.6705 f
  U696/ZN (NOR2_X1)                      0.1608     1.8314 r
  U695/ZN (INV_X1)                       0.0692     1.9006 f
  U676/ZN (NAND3_X2)                     0.1689     2.0694 r
  U675/ZN (NAND2_X2)                     0.0783     2.1477 f
  U523/ZN (INV_X2)                       0.0658     2.2135 r
  R_57/D (DFF_X1)                        0.0000     2.2135 r
  data arrival time                                 2.2135

  clock clk (rise edge)                  2.4310     2.4310
  clock network delay (ideal)            0.0000     2.4310
  clock uncertainty                     -0.0500     2.3810
  R_57/CK (DFF_X1)                       0.0000     2.3810 r
  library setup time                    -0.1673     2.2137
  data required time                                2.2137
  -----------------------------------------------------------
  data required time                                2.2137
  data arrival time                                -2.2135
  -----------------------------------------------------------
  slack (MET)                                       0.0002


1
