 
****************************************
Report : timing
        -path full
        -delay max
        -max_paths 1
Design : MyDesign
Version: P-2019.03-SP1
Date   : Thu Nov 11 01:32:30 2021
****************************************

Operating Conditions: slow   Library: NangateOpenCellLibrary_PDKv1_2_v2008_10_slow_nldm
Wire Load Model Mode: top

  Startpoint: R_113 (rising edge-triggered flip-flop clocked by clk)
  Endpoint: R_39 (rising edge-triggered flip-flop clocked by clk)
  Path Group: clk
  Path Type: max

  Point                                    Incr       Path
  -----------------------------------------------------------
  clock clk (rise edge)                  0.0000     0.0000
  clock network delay (ideal)            0.0000     0.0000
  R_113/CK (DFFS_X2)                     0.0000     0.0000 r
  R_113/Q (DFFS_X2)                      0.7274     0.7274 f
  U1152/ZN (NAND3_X2)                    0.1758     0.9032 r
  U1153/ZN (NOR2_X2)                     0.0752     0.9784 f
  U1154/ZN (INV_X4)                      0.1104     1.0888 r
  U1156/ZN (NAND3_X4)                    0.1010     1.1897 f
  U523/ZN (NAND2_X2)                     0.1621     1.3518 r
  U1091/ZN (NAND2_X4)                    0.0942     1.4461 f
  U767/ZN (NAND2_X1)                     0.1334     1.5794 r
  U672/ZN (NAND2_X2)                     0.0915     1.6709 f
  U864/ZN (INV_X1)                       0.0893     1.7602 r
  U863/ZN (NOR2_X1)                      0.0557     1.8159 f
  U1004/ZN (INV_X1)                      0.0824     1.8983 r
  U1002/ZN (NAND2_X1)                    0.0622     1.9605 f
  R_39/D (DFFR_X1)                       0.0000     1.9605 f
  data arrival time                                 1.9605

  clock clk (rise edge)                  2.4330     2.4330
  clock network delay (ideal)            0.0000     2.4330
  clock uncertainty                     -0.0500     2.3830
  R_39/CK (DFFR_X1)                      0.0000     2.3830 r
  library setup time                    -0.4225     1.9605
  data required time                                1.9605
  -----------------------------------------------------------
  data required time                                1.9605
  data arrival time                                -1.9605
  -----------------------------------------------------------
  slack (MET)                                       0.0000


1
