 
****************************************
Report : area
Design : MyDesign
Version: P-2019.03-SP1
Date   : Tue Nov  9 05:02:23 2021
****************************************

Library(s) Used:

    NangateOpenCellLibrary_PDKv1_2_v2008_10_slow_nldm (File: /afs/eos.ncsu.edu/lockers/research/ece/wdavis/tech/nangate/NangateOpenCellLibrary_PDKv1_2_v2008_10/liberty/520/NangateOpenCellLibrary_PDKv1_2_v2008_10_slow_nldm.db)

Number of ports:                           89
Number of nets:                           976
Number of cells:                          908
Number of combinational cells:            720
Number of sequential cells:               162
Number of macros/black boxes:               0
Number of buf/inv:                        139
Number of references:                      43

Combinational area:                792.945992
Buf/Inv area:                       76.076001
Noncombinational area:             819.014010
Macro/Black Box area:                0.000000
Net Interconnect area:      undefined  (No wire load specified)

Total cell area:                  1611.960002
Total area:                 undefined
1
