 
****************************************
Report : area
Design : MyDesign
Version: P-2019.03-SP1
Date   : Tue Nov  9 04:27:56 2021
****************************************

Library(s) Used:

    NangateOpenCellLibrary_PDKv1_2_v2008_10_slow_nldm (File: /afs/eos.ncsu.edu/lockers/research/ece/wdavis/tech/nangate/NangateOpenCellLibrary_PDKv1_2_v2008_10/liberty/520/NangateOpenCellLibrary_PDKv1_2_v2008_10_slow_nldm.db)

Number of ports:                           89
Number of nets:                          1107
Number of cells:                         1041
Number of combinational cells:            880
Number of sequential cells:               132
Number of macros/black boxes:               0
Number of buf/inv:                        240
Number of references:                      47

Combinational area:                873.809988
Buf/Inv area:                      131.936001
Noncombinational area:             677.236007
Macro/Black Box area:                0.000000
Net Interconnect area:      undefined  (No wire load specified)

Total cell area:                  1551.045995
Total area:                 undefined
1
