 
****************************************
Report : timing
        -path full
        -delay max
        -max_paths 1
Design : MyDesign
Version: P-2019.03-SP1
Date   : Wed Nov 10 23:57:08 2021
****************************************

Operating Conditions: slow   Library: NangateOpenCellLibrary_PDKv1_2_v2008_10_slow_nldm
Wire Load Model Mode: top

  Startpoint: row2_reg[12]
              (rising edge-triggered flip-flop clocked by clk)
  Endpoint: dut_sram_write_data_reg[10]
            (rising edge-triggered flip-flop clocked by clk)
  Path Group: clk
  Path Type: max

  Point                                                   Incr       Path
  --------------------------------------------------------------------------
  clock clk (rise edge)                                 0.0000     0.0000
  clock network delay (ideal)                           0.0000     0.0000
  row2_reg[12]/CK (SDFF_X1)                             0.0000     0.0000 r
  row2_reg[12]/Q (SDFF_X1)                              0.6038     0.6038 r
  U900/ZN (XNOR2_X2)                                    0.3857     0.9895 r
  U745/ZN (XNOR2_X2)                                    0.3366     1.3262 r
  U744/ZN (XNOR2_X2)                                    0.3082     1.6344 r
  U898/ZN (NAND3_X1)                                    0.1397     1.7741 f
  U655/ZN (NAND3_X2)                                    0.1196     1.8937 r
  U653/ZN (NAND2_X2)                                    0.0666     1.9604 f
  U509/ZN (INV_X2)                                      0.0719     2.0322 r
  U521/ZN (AOI21_X2)                                    0.0589     2.0911 f
  dut_sram_write_data_reg[10]/D (DFF_X2)                0.0000     2.0911 f
  data arrival time                                                2.0911

  clock clk (rise edge)                                 2.4600     2.4600
  clock network delay (ideal)                           0.0000     2.4600
  clock uncertainty                                    -0.0500     2.4100
  dut_sram_write_data_reg[10]/CK (DFF_X2)               0.0000     2.4100 r
  library setup time                                   -0.3182     2.0918
  data required time                                               2.0918
  --------------------------------------------------------------------------
  data required time                                               2.0918
  data arrival time                                               -2.0911
  --------------------------------------------------------------------------
  slack (MET)                                                      0.0006


1
