 
****************************************
Report : timing
        -path full
        -delay max
        -max_paths 1
Design : MyDesign
Version: P-2019.03-SP1
Date   : Tue Nov  9 06:28:08 2021
****************************************

Operating Conditions: slow   Library: NangateOpenCellLibrary_PDKv1_2_v2008_10_slow_nldm
Wire Load Model Mode: top

  Startpoint: weight_reg[5]
              (rising edge-triggered flip-flop clocked by clk)
  Endpoint: dut_sram_write_data_reg[8]
            (rising edge-triggered flip-flop clocked by clk)
  Path Group: clk
  Path Type: max

  Point                                                   Incr       Path
  --------------------------------------------------------------------------
  clock clk (rise edge)                                 0.0000     0.0000
  clock network delay (ideal)                           0.0000     0.0000
  weight_reg[5]/CK (DFFR_X2)                            0.0000     0.0000 r
  weight_reg[5]/QN (DFFR_X2)                            0.4121     0.4121 f
  U964/ZN (INV_X8)                                      0.1451     0.5572 r
  U952/ZN (XNOR2_X2)                                    0.3347     0.8919 r
  U1028/ZN (XNOR2_X2)                                   0.3231     1.2150 r
  U1024/ZN (XNOR2_X2)                                   0.3220     1.5370 r
  U677/ZN (NAND3_X2)                                    0.1219     1.6589 f
  U1031/ZN (OAI211_X4)                                  0.1760     1.8349 r
  U915/ZN (AOI21_X2)                                    0.1068     1.9418 f
  dut_sram_write_data_reg[8]/D (DFF_X2)                 0.0000     1.9418 f
  data arrival time                                                1.9418

  clock clk (rise edge)                                 2.2600     2.2600
  clock network delay (ideal)                           0.0000     2.2600
  clock uncertainty                                    -0.0500     2.2100
  dut_sram_write_data_reg[8]/CK (DFF_X2)                0.0000     2.2100 r
  library setup time                                   -0.3095     1.9005
  data required time                                               1.9005
  --------------------------------------------------------------------------
  data required time                                               1.9005
  data arrival time                                               -1.9418
  --------------------------------------------------------------------------
  slack (VIOLATED)                                                -0.0413


1
