 
****************************************
Report : timing
        -path full
        -delay max
        -max_paths 1
Design : MyDesign
Version: P-2019.03-SP1
Date   : Tue Nov  9 06:54:12 2021
****************************************

Operating Conditions: slow   Library: NangateOpenCellLibrary_PDKv1_2_v2008_10_slow_nldm
Wire Load Model Mode: top

  Startpoint: clk_r_REG171_S1
              (rising edge-triggered flip-flop clocked by clk)
  Endpoint: clk_r_REG141_S2
            (rising edge-triggered flip-flop clocked by clk)
  Path Group: clk
  Path Type: max

  Point                                    Incr       Path
  -----------------------------------------------------------
  clock clk (rise edge)                  0.0000     0.0000
  clock network delay (ideal)            0.0000     0.0000
  clk_r_REG171_S1/CK (DFFR_X2)           0.0000     0.0000 r
  clk_r_REG171_S1/Q (DFFR_X2)            0.7395     0.7395 f
  U619/ZN (XNOR2_X2)                     0.2713     1.0107 f
  U617/ZN (XNOR2_X2)                     0.2719     1.2827 f
  U616/ZN (XNOR2_X2)                     0.2711     1.5537 f
  U615/ZN (INV_X4)                       0.0684     1.6222 r
  U999/ZN (NAND3_X2)                     0.0730     1.6952 f
  U998/ZN (NAND2_X1)                     0.1210     1.8162 r
  U1005/ZN (NAND2_X2)                    0.0699     1.8861 f
  clk_r_REG141_S2/D (DFF_X1)             0.0000     1.8861 f
  data arrival time                                 1.8861

  clock clk (rise edge)                  2.2300     2.2300
  clock network delay (ideal)            0.0000     2.2300
  clock uncertainty                     -0.0500     2.1800
  clk_r_REG141_S2/CK (DFF_X1)            0.0000     2.1800 r
  library setup time                    -0.3122     1.8678
  data required time                                1.8678
  -----------------------------------------------------------
  data required time                                1.8678
  data arrival time                                -1.8861
  -----------------------------------------------------------
  slack (VIOLATED)                                 -0.0183


1
