Information: Updating design information... (UID-85)
 
****************************************
Report : timing
        -path full
        -delay max
        -max_paths 1
Design : MyDesign
Version: P-2019.03-SP1
Date   : Thu Nov 11 02:34:50 2021
****************************************

Operating Conditions: slow   Library: NangateOpenCellLibrary_PDKv1_2_v2008_10_slow_nldm
Wire Load Model Mode: top

  Startpoint: weight_reg[7]
              (rising edge-triggered flip-flop clocked by clk)
  Endpoint: R_89 (rising edge-triggered flip-flop clocked by clk)
  Path Group: clk
  Path Type: max

  Point                                    Incr       Path
  -----------------------------------------------------------
  clock clk (rise edge)                  0.0000     0.0000
  clock network delay (ideal)            0.0000     0.0000
  weight_reg[7]/CK (DFF_X2)              0.0000     0.0000 r
  weight_reg[7]/QN (DFF_X2)              0.3586     0.3586 f
  U670/ZN (INV_X8)                       0.1681     0.5268 r
  U883/ZN (XNOR2_X1)                     0.3779     0.9046 r
  U568/ZN (XNOR2_X1)                     0.3952     1.2998 r
  U645/ZN (XNOR2_X2)                     0.3422     1.6421 r
  U800/ZN (AND2_X1)                      0.2162     1.8583 r
  U647/ZN (NAND2_X2)                     0.0652     1.9235 f
  U537/ZN (INV_X2)                       0.0745     1.9980 r
  U1196/ZN (AOI21_X2)                    0.0621     2.0601 f
  R_89/D (DFF_X2)                        0.0000     2.0601 f
  data arrival time                                 2.0601

  clock clk (rise edge)                  2.4320     2.4320
  clock network delay (ideal)            0.0000     2.4320
  clock uncertainty                     -0.0500     2.3820
  R_89/CK (DFF_X2)                       0.0000     2.3820 r
  library setup time                    -0.3218     2.0602
  data required time                                2.0602
  -----------------------------------------------------------
  data required time                                2.0602
  data arrival time                                -2.0601
  -----------------------------------------------------------
  slack (MET)                                       0.0001


1
