 
****************************************
Report : area
Design : MyDesign
Version: P-2019.03-SP1
Date   : Sun Oct 31 03:38:12 2021
****************************************

Library(s) Used:

    NangateOpenCellLibrary_PDKv1_2_v2008_10_slow_nldm (File: /afs/eos.ncsu.edu/lockers/research/ece/wdavis/tech/nangate/NangateOpenCellLibrary_PDKv1_2_v2008_10/liberty/520/NangateOpenCellLibrary_PDKv1_2_v2008_10_slow_nldm.db)

Number of ports:                           89
Number of nets:                          1365
Number of cells:                         1215
Number of combinational cells:            975
Number of sequential cells:               224
Number of macros/black boxes:               0
Number of buf/inv:                        156
Number of references:                      49

Combinational area:               1021.173985
Buf/Inv area:                       88.046000
Noncombinational area:            1128.904016
Macro/Black Box area:                0.000000
Net Interconnect area:      undefined  (No wire load specified)

Total cell area:                  2150.078001
Total area:                 undefined
1
