Information: Updating design information... (UID-85)
 
****************************************
Report : timing
        -path full
        -delay max
        -max_paths 1
Design : MyDesign
Version: P-2019.03-SP1
Date   : Thu Nov 11 01:15:06 2021
****************************************

Operating Conditions: slow   Library: NangateOpenCellLibrary_PDKv1_2_v2008_10_slow_nldm
Wire Load Model Mode: top

  Startpoint: row2_reg[2]
              (rising edge-triggered flip-flop clocked by clk)
  Endpoint: R_57 (rising edge-triggered flip-flop clocked by clk)
  Path Group: clk
  Path Type: max

  Point                                    Incr       Path
  -----------------------------------------------------------
  clock clk (rise edge)                  0.0000     0.0000
  clock network delay (ideal)            0.0000     0.0000
  row2_reg[2]/CK (DFF_X2)                0.0000     0.0000 r
  row2_reg[2]/Q (DFF_X2)                 0.6290     0.6290 f
  U761/ZN (XNOR2_X2)                     0.3039     0.9329 r
  U760/ZN (XNOR2_X2)                     0.3239     1.2568 r
  U934/ZN (XNOR2_X1)                     0.3360     1.5928 r
  U1250/ZN (INV_X1)                      0.1069     1.6998 f
  U1251/ZN (NAND3_X1)                    0.2481     1.9479 r
  U742/ZN (AOI22_X2)                     0.1120     2.0598 f
  R_57/D (DFF_X1)                        0.0000     2.0598 f
  data arrival time                                 2.0598

  clock clk (rise edge)                  2.4390     2.4390
  clock network delay (ideal)            0.0000     2.4390
  clock uncertainty                     -0.0500     2.3890
  R_57/CK (DFF_X1)                       0.0000     2.3890 r
  library setup time                    -0.3290     2.0600
  data required time                                2.0600
  -----------------------------------------------------------
  data required time                                2.0600
  data arrival time                                -2.0598
  -----------------------------------------------------------
  slack (MET)                                       0.0002


1
