 
****************************************
Report : timing
        -path full
        -delay max
        -max_paths 1
Design : MyDesign
Version: P-2019.03-SP1
Date   : Thu Nov 11 00:04:02 2021
****************************************

Operating Conditions: slow   Library: NangateOpenCellLibrary_PDKv1_2_v2008_10_slow_nldm
Wire Load Model Mode: top

  Startpoint: weight_reg[3]
              (rising edge-triggered flip-flop clocked by clk)
  Endpoint: R_30 (rising edge-triggered flip-flop clocked by clk)
  Path Group: clk
  Path Type: max

  Point                                    Incr       Path
  -----------------------------------------------------------
  clock clk (rise edge)                  0.0000     0.0000
  clock network delay (ideal)            0.0000     0.0000
  weight_reg[3]/CK (DFF_X1)              0.0000     0.0000 r
  weight_reg[3]/QN (DFF_X1)              0.5494     0.5494 r
  U708/ZN (INV_X8)                       0.1124     0.6618 f
  U1117/ZN (XNOR2_X2)                    0.2830     0.9448 r
  U854/ZN (XNOR2_X1)                     0.3700     1.3149 r
  U853/ZN (XNOR2_X1)                     0.3571     1.6720 r
  U1125/ZN (INV_X1)                      0.1127     1.7847 f
  U1127/ZN (NAND3_X1)                    0.1744     1.9591 r
  U680/ZN (AOI22_X2)                     0.1013     2.0604 f
  R_30/D (DFF_X1)                        0.0000     2.0604 f
  data arrival time                                 2.0604

  clock clk (rise edge)                  2.4400     2.4400
  clock network delay (ideal)            0.0000     2.4400
  clock uncertainty                     -0.0500     2.3900
  R_30/CK (DFF_X1)                       0.0000     2.3900 r
  library setup time                    -0.3289     2.0611
  data required time                                2.0611
  -----------------------------------------------------------
  data required time                                2.0611
  data arrival time                                -2.0604
  -----------------------------------------------------------
  slack (MET)                                       0.0006


1
