Information: Updating design information... (UID-85)
 
****************************************
Report : timing
        -path full
        -delay max
        -max_paths 1
Design : MyDesign
Version: P-2019.03-SP1
Date   : Thu Nov 11 00:09:49 2021
****************************************

Operating Conditions: slow   Library: NangateOpenCellLibrary_PDKv1_2_v2008_10_slow_nldm
Wire Load Model Mode: top

  Startpoint: row1_reg[2]
              (rising edge-triggered flip-flop clocked by clk)
  Endpoint: R_63 (rising edge-triggered flip-flop clocked by clk)
  Path Group: clk
  Path Type: max

  Point                                    Incr       Path
  -----------------------------------------------------------
  clock clk (rise edge)                  0.0000     0.0000
  clock network delay (ideal)            0.0000     0.0000
  row1_reg[2]/CK (DFF_X2)                0.0000     0.0000 r
  row1_reg[2]/Q (DFF_X2)                 0.6176     0.6176 f
  U1192/ZN (XNOR2_X2)                    0.3094     0.9270 f
  U1193/ZN (XNOR2_X2)                    0.2979     1.2249 f
  U1194/ZN (XNOR2_X2)                    0.2712     1.4962 f
  U1118/ZN (NAND4_X1)                    0.2858     1.7819 r
  U916/ZN (NAND2_X1)                     0.0933     1.8752 f
  U1040/ZN (NAND2_X1)                    0.1550     2.0303 r
  U1039/ZN (NAND2_X1)                    0.0831     2.1134 f
  R_63/D (DFF_X1)                        0.0000     2.1134 f
  data arrival time                                 2.1134

  clock clk (rise edge)                  2.4800     2.4800
  clock network delay (ideal)            0.0000     2.4800
  clock uncertainty                     -0.0500     2.4300
  R_63/CK (DFF_X1)                       0.0000     2.4300 r
  library setup time                    -0.3138     2.1162
  data required time                                2.1162
  -----------------------------------------------------------
  data required time                                2.1162
  data arrival time                                -2.1134
  -----------------------------------------------------------
  slack (MET)                                       0.0028


1
