Information: Updating design information... (UID-85)
 
****************************************
Report : timing
        -path full
        -delay max
        -max_paths 1
Design : MyDesign
Version: P-2019.03-SP1
Date   : Thu Nov 11 02:09:45 2021
****************************************

Operating Conditions: slow   Library: NangateOpenCellLibrary_PDKv1_2_v2008_10_slow_nldm
Wire Load Model Mode: top

  Startpoint: cnt_fill_reg[1]
              (rising edge-triggered flip-flop clocked by clk)
  Endpoint: R_115 (rising edge-triggered flip-flop clocked by clk)
  Path Group: clk
  Path Type: max

  Point                                    Incr       Path
  -----------------------------------------------------------
  clock clk (rise edge)                  0.0000     0.0000
  clock network delay (ideal)            0.0000     0.0000
  cnt_fill_reg[1]/CK (DFFR_X1)           0.0000     0.0000 r
  cnt_fill_reg[1]/Q (DFFR_X1)            0.7102     0.7102 f
  U1207/ZN (NAND2_X2)                    0.1410     0.8512 r
  U481/ZN (NAND2_X1)                     0.0671     0.9183 f
  U483/ZN (NOR2_X1)                      0.1712     1.0895 r
  U559/ZN (NOR2_X2)                      0.0871     1.1765 f
  U551/ZN (NAND2_X2)                     0.1125     1.2890 r
  U545/ZN (NAND2_X2)                     0.0718     1.3608 f
  U540/ZN (INV_X1)                       0.2041     1.5649 r
  U745/ZN (NOR2_X2)                      0.0922     1.6571 f
  U532/ZN (INV_X4)                       0.1094     1.7665 r
  U505/ZN (NAND2_X2)                     0.0719     1.8384 f
  U504/ZN (OAI211_X1)                    0.2769     2.1153 r
  R_115/D (DFFS_X2)                      0.0000     2.1153 r
  data arrival time                                 2.1153

  clock clk (rise edge)                  2.4340     2.4340
  clock network delay (ideal)            0.0000     2.4340
  clock uncertainty                     -0.0500     2.3840
  R_115/CK (DFFS_X2)                     0.0000     2.3840 r
  library setup time                    -0.2683     2.1157
  data required time                                2.1157
  -----------------------------------------------------------
  data required time                                2.1157
  data arrival time                                -2.1153
  -----------------------------------------------------------
  slack (MET)                                       0.0004


1
