 
****************************************
Report : timing
        -path full
        -delay max
        -max_paths 1
Design : MyDesign
Version: P-2019.03-SP1
Date   : Wed Nov 10 01:40:35 2021
****************************************

Operating Conditions: slow   Library: NangateOpenCellLibrary_PDKv1_2_v2008_10_slow_nldm
Wire Load Model Mode: top

  Startpoint: clk_r_REG177_S1
              (rising edge-triggered flip-flop clocked by clk)
  Endpoint: clk_r_REG132_S2
            (rising edge-triggered flip-flop clocked by clk)
  Path Group: clk
  Path Type: max

  Point                                    Incr       Path
  -----------------------------------------------------------
  clock clk (rise edge)                  0.0000     0.0000
  clock network delay (ideal)            0.0000     0.0000
  clk_r_REG177_S1/CK (DFFR_X1)           0.0000     0.0000 r
  clk_r_REG177_S1/Q (DFFR_X1)            0.6647     0.6647 f
  U624/Z (CLKBUF_X3)                     0.1937     0.8584 f
  U886/ZN (XNOR2_X2)                     0.2501     1.1085 f
  U802/ZN (XNOR2_X2)                     0.2562     1.3647 f
  U798/ZN (XNOR2_X2)                     0.2649     1.6297 f
  U473/ZN (INV_X2)                       0.0919     1.7216 r
  U640/ZN (NAND3_X2)                     0.0634     1.7849 f
  U639/ZN (NAND2_X2)                     0.0902     1.8752 r
  U799/ZN (NAND2_X2)                     0.0586     1.9338 f
  clk_r_REG132_S2/D (DFF_X2)             0.0000     1.9338 f
  data arrival time                                 1.9338

  clock clk (rise edge)                  2.1700     2.1700
  clock network delay (ideal)            0.0000     2.1700
  clock uncertainty                     -0.0500     2.1200
  clk_r_REG132_S2/CK (DFF_X2)            0.0000     2.1200 r
  library setup time                    -0.2978     1.8222
  data required time                                1.8222
  -----------------------------------------------------------
  data required time                                1.8222
  data arrival time                                -1.9338
  -----------------------------------------------------------
  slack (VIOLATED)                                 -0.1116


1
