Information: Updating design information... (UID-85)
 
****************************************
Report : timing
        -path full
        -delay max
        -max_paths 1
Design : MyDesign
Version: P-2019.03-SP1
Date   : Wed Nov 10 23:43:24 2021
****************************************

Operating Conditions: slow   Library: NangateOpenCellLibrary_PDKv1_2_v2008_10_slow_nldm
Wire Load Model Mode: top

  Startpoint: row0_reg[11]
              (rising edge-triggered flip-flop clocked by clk)
  Endpoint: R_62 (rising edge-triggered flip-flop clocked by clk)
  Path Group: clk
  Path Type: max

  Point                                    Incr       Path
  -----------------------------------------------------------
  clock clk (rise edge)                  0.0000     0.0000
  clock network delay (ideal)            0.0000     0.0000
  row0_reg[11]/CK (DFF_X1)               0.0000     0.0000 r
  row0_reg[11]/Q (DFF_X1)                0.6184     0.6184 f
  U964/ZN (XNOR2_X1)                     0.4827     1.1011 r
  U511/ZN (INV_X1)                       0.0794     1.1805 f
  U893/ZN (NAND2_X1)                     0.1498     1.3302 r
  U1214/ZN (AOI22_X2)                    0.1057     1.4360 f
  U1215/ZN (NAND2_X2)                    0.1794     1.6153 r
  U1216/ZN (INV_X1)                      0.0515     1.6669 f
  U545/ZN (NAND2_X1)                     0.0945     1.7614 r
  U816/ZN (NAND3_X1)                     0.1193     1.8806 f
  U815/ZN (NAND2_X2)                     0.1250     2.0056 r
  U536/ZN (INV_X2)                       0.0414     2.0470 f
  R_62/D (DFF_X1)                        0.0000     2.0470 f
  data arrival time                                 2.0470

  clock clk (rise edge)                  2.4000     2.4000
  clock network delay (ideal)            0.0000     2.4000
  clock uncertainty                     -0.0500     2.3500
  R_62/CK (DFF_X1)                       0.0000     2.3500 r
  library setup time                    -0.3025     2.0475
  data required time                                2.0475
  -----------------------------------------------------------
  data required time                                2.0475
  data arrival time                                -2.0470
  -----------------------------------------------------------
  slack (MET)                                       0.0005


1
