 
****************************************
Report : area
Design : MyDesign
Version: P-2019.03-SP1
Date   : Tue Nov  2 13:15:38 2021
****************************************

Library(s) Used:

    NangateOpenCellLibrary_PDKv1_2_v2008_10_slow_nldm (File: /afs/eos.ncsu.edu/lockers/research/ece/wdavis/tech/nangate/NangateOpenCellLibrary_PDKv1_2_v2008_10/liberty/520/NangateOpenCellLibrary_PDKv1_2_v2008_10_slow_nldm.db)

Number of ports:                           89
Number of nets:                          1313
Number of cells:                         1217
Number of combinational cells:           1030
Number of sequential cells:               155
Number of macros/black boxes:               0
Number of buf/inv:                        291
Number of references:                      44

Combinational area:                960.259987
Buf/Inv area:                      160.132001
Noncombinational area:             785.764009
Macro/Black Box area:                0.000000
Net Interconnect area:      undefined  (No wire load specified)

Total cell area:                  1746.023997
Total area:                 undefined
1
