Information: Updating design information... (UID-85)
 
****************************************
Report : timing
        -path full
        -delay min
        -max_paths 1
Design : MyDesign
Version: P-2019.03-SP1
Date   : Thu Nov 11 02:23:08 2021
****************************************

Operating Conditions: fast   Library: NangateOpenCellLibrary_PDKv1_2_v2008_10_fast_nldm
Wire Load Model Mode: top

  Startpoint: cnt_r_reg[4]
              (rising edge-triggered flip-flop clocked by clk)
  Endpoint: R_180 (rising edge-triggered flip-flop clocked by clk)
  Path Group: clk
  Path Type: min

  Point                                    Incr       Path
  -----------------------------------------------------------
  clock clk (rise edge)                  0.0000     0.0000
  clock network delay (ideal)            0.0000     0.0000
  cnt_r_reg[4]/CK (DFFR_X2)              0.0000     0.0000 r
  cnt_r_reg[4]/QN (DFFR_X2)              0.0561     0.0561 f
  R_180/D (DFF_X1)                       0.0000     0.0561 f
  data arrival time                                 0.0561

  clock clk (rise edge)                  0.0000     0.0000
  clock network delay (ideal)            0.0000     0.0000
  clock uncertainty                      0.0500     0.0500
  R_180/CK (DFF_X1)                      0.0000     0.0500 r
  library hold time                      0.0006     0.0506
  data required time                                0.0506
  -----------------------------------------------------------
  data required time                                0.0506
  data arrival time                                -0.0561
  -----------------------------------------------------------
  slack (MET)                                       0.0055


1
