 
****************************************
Report : area
Design : MyDesign
Version: P-2019.03-SP1
Date   : Tue Nov  9 06:54:44 2021
****************************************

Library(s) Used:

    NangateOpenCellLibrary_PDKv1_2_v2008_10_slow_nldm (File: /afs/eos.ncsu.edu/lockers/research/ece/wdavis/tech/nangate/NangateOpenCellLibrary_PDKv1_2_v2008_10/liberty/520/NangateOpenCellLibrary_PDKv1_2_v2008_10_slow_nldm.db)

Number of ports:                           89
Number of nets:                          1160
Number of cells:                         1033
Number of combinational cells:            816
Number of sequential cells:               186
Number of macros/black boxes:               0
Number of buf/inv:                        203
Number of references:                      56

Combinational area:                840.559992
Buf/Inv area:                      111.720001
Noncombinational area:             937.118014
Macro/Black Box area:                0.000000
Net Interconnect area:      undefined  (No wire load specified)

Total cell area:                  1777.678006
Total area:                 undefined
1
