 
****************************************
Report : timing
        -path full
        -delay max
        -max_paths 1
Design : MyDesign
Version: P-2019.03-SP1
Date   : Thu Nov 11 01:42:26 2021
****************************************

Operating Conditions: slow   Library: NangateOpenCellLibrary_PDKv1_2_v2008_10_slow_nldm
Wire Load Model Mode: top

  Startpoint: row1_reg[2]
              (rising edge-triggered flip-flop clocked by clk)
  Endpoint: R_106 (rising edge-triggered flip-flop clocked by clk)
  Path Group: clk
  Path Type: max

  Point                                    Incr       Path
  -----------------------------------------------------------
  clock clk (rise edge)                  0.0000     0.0000
  clock network delay (ideal)            0.0000     0.0000
  row1_reg[2]/CK (DFF_X1)                0.0000     0.0000 r
  row1_reg[2]/Q (DFF_X1)                 0.6312     0.6312 f
  U780/ZN (XNOR2_X2)                     0.3154     0.9467 r
  U779/ZN (INV_X4)                       0.0504     0.9971 f
  U1193/ZN (XNOR2_X2)                    0.2857     1.2828 f
  U787/ZN (XNOR2_X2)                     0.2727     1.5555 f
  U700/ZN (NAND4_X2)                     0.2358     1.7913 r
  U497/ZN (NAND2_X1)                     0.0965     1.8878 f
  U699/ZN (NAND2_X2)                     0.1274     2.0152 r
  U698/ZN (NAND2_X2)                     0.0586     2.0738 f
  R_106/D (DFF_X1)                       0.0000     2.0738 f
  data arrival time                                 2.0738

  clock clk (rise edge)                  2.4310     2.4310
  clock network delay (ideal)            0.0000     2.4310
  clock uncertainty                     -0.0500     2.3810
  R_106/CK (DFF_X1)                      0.0000     2.3810 r
  library setup time                    -0.3071     2.0739
  data required time                                2.0739
  -----------------------------------------------------------
  data required time                                2.0739
  data arrival time                                -2.0738
  -----------------------------------------------------------
  slack (MET)                                       0.0001


1
