Information: Updating design information... (UID-85)
 
****************************************
Report : timing
        -path full
        -delay max
        -max_paths 1
Design : MyDesign
Version: P-2019.03-SP1
Date   : Thu Nov 11 02:11:27 2021
****************************************

Operating Conditions: slow   Library: NangateOpenCellLibrary_PDKv1_2_v2008_10_slow_nldm
Wire Load Model Mode: top

  Startpoint: R_212 (rising edge-triggered flip-flop clocked by clk)
  Endpoint: R_67 (rising edge-triggered flip-flop clocked by clk)
  Path Group: clk
  Path Type: max

  Point                                    Incr       Path
  -----------------------------------------------------------
  clock clk (rise edge)                  0.0000     0.0000
  clock network delay (ideal)            0.0000     0.0000
  R_212/CK (DFF_X1)                      0.0000     0.0000 r
  R_212/Q (DFF_X1)                       0.5734     0.5734 f
  U1138/Z (XOR2_X2)                      0.3948     0.9681 f
  U661/ZN (XNOR2_X2)                     0.2490     1.2172 r
  U778/ZN (XNOR2_X1)                     0.3641     1.5813 r
  U816/ZN (INV_X1)                       0.0750     1.6563 f
  U815/ZN (NAND3_X1)                     0.2430     1.8992 r
  U1029/ZN (AOI22_X1)                    0.1351     2.0344 f
  R_67/D (DFF_X1)                        0.0000     2.0344 f
  data arrival time                                 2.0344

  clock clk (rise edge)                  2.4380     2.4380
  clock network delay (ideal)            0.0000     2.4380
  clock uncertainty                     -0.0500     2.3880
  R_67/CK (DFF_X1)                       0.0000     2.3880 r
  library setup time                    -0.3530     2.0350
  data required time                                2.0350
  -----------------------------------------------------------
  data required time                                2.0350
  data arrival time                                -2.0344
  -----------------------------------------------------------
  slack (MET)                                       0.0007


1
