 
****************************************
Report : area
Design : MyDesign
Version: P-2019.03-SP1
Date   : Tue Nov  9 05:15:00 2021
****************************************

Library(s) Used:

    NangateOpenCellLibrary_PDKv1_2_v2008_10_slow_nldm (File: /afs/eos.ncsu.edu/lockers/research/ece/wdavis/tech/nangate/NangateOpenCellLibrary_PDKv1_2_v2008_10/liberty/520/NangateOpenCellLibrary_PDKv1_2_v2008_10_slow_nldm.db)

Number of ports:                           89
Number of nets:                          1008
Number of cells:                          940
Number of combinational cells:            715
Number of sequential cells:               199
Number of macros/black boxes:               0
Number of buf/inv:                        158
Number of references:                      41

Combinational area:                780.975994
Buf/Inv area:                       84.854001
Noncombinational area:            1007.874012
Macro/Black Box area:                0.000000
Net Interconnect area:      undefined  (No wire load specified)

Total cell area:                  1788.850005
Total area:                 undefined
1
