 
****************************************
Report : timing
        -path full
        -delay max
        -max_paths 1
Design : MyDesign
Version: P-2019.03-SP1
Date   : Thu Nov 11 01:33:22 2021
****************************************

Operating Conditions: slow   Library: NangateOpenCellLibrary_PDKv1_2_v2008_10_slow_nldm
Wire Load Model Mode: top

  Startpoint: cnt_fill_reg[0]
              (rising edge-triggered flip-flop clocked by clk)
  Endpoint: R_33 (rising edge-triggered flip-flop clocked by clk)
  Path Group: clk
  Path Type: max

  Point                                    Incr       Path
  -----------------------------------------------------------
  clock clk (rise edge)                  0.0000     0.0000
  clock network delay (ideal)            0.0000     0.0000
  cnt_fill_reg[0]/CK (DFFR_X2)           0.0000     0.0000 r
  cnt_fill_reg[0]/Q (DFFR_X2)            0.7262     0.7262 f
  U558/ZN (NAND2_X2)                     0.1512     0.8774 r
  U1147/ZN (NAND3_X2)                    0.1133     0.9907 f
  U667/ZN (NAND3_X4)                     0.1262     1.1170 r
  U1151/ZN (NAND2_X4)                    0.0730     1.1899 f
  U1160/ZN (NAND2_X4)                    0.1328     1.3227 r
  U471/ZN (NOR2_X2)                      0.0800     1.4027 f
  U1212/ZN (NOR2_X2)                     0.1716     1.5744 r
  U1213/ZN (NAND2_X2)                    0.0865     1.6609 f
  U1214/ZN (XNOR2_X2)                    0.2445     1.9054 f
  R_33/D (DFFS_X2)                       0.0000     1.9054 f
  data arrival time                                 1.9054

  clock clk (rise edge)                  2.4350     2.4350
  clock network delay (ideal)            0.0000     2.4350
  clock uncertainty                     -0.0500     2.3850
  R_33/CK (DFFS_X2)                      0.0000     2.3850 r
  library setup time                    -0.4758     1.9092
  data required time                                1.9092
  -----------------------------------------------------------
  data required time                                1.9092
  data arrival time                                -1.9054
  -----------------------------------------------------------
  slack (MET)                                       0.0038


1
