 
****************************************
Report : area
Design : MyDesign
Version: R-2020.09
Date   : Mon Nov 15 19:33:10 2021
****************************************

Library(s) Used:

    NangateOpenCellLibrary_PDKv1_2_v2008_10_slow_nldm (File: /afs/eos.ncsu.edu/lockers/research/ece/wdavis/tech/nangate/NangateOpenCellLibrary_PDKv1_2_v2008_10/liberty/520/NangateOpenCellLibrary_PDKv1_2_v2008_10_slow_nldm.db)

Number of ports:                           89
Number of nets:                          1073
Number of cells:                          986
Number of combinational cells:            793
Number of sequential cells:               163
Number of macros/black boxes:               0
Number of buf/inv:                        184
Number of references:                      44

Combinational area:                833.909991
Buf/Inv area:                       98.952001
Noncombinational area:             832.846014
Macro/Black Box area:                0.000000
Net Interconnect area:      undefined  (No wire load specified)

Total cell area:                  1666.756005
Total area:                 undefined
1
