 
****************************************
Report : area
Design : MyDesign
Version: P-2019.03-SP1
Date   : Thu Nov 11 00:26:34 2021
****************************************

Library(s) Used:

    NangateOpenCellLibrary_PDKv1_2_v2008_10_slow_nldm (File: /afs/eos.ncsu.edu/lockers/research/ece/wdavis/tech/nangate/NangateOpenCellLibrary_PDKv1_2_v2008_10/liberty/520/NangateOpenCellLibrary_PDKv1_2_v2008_10_slow_nldm.db)

Number of ports:                           89
Number of nets:                          1135
Number of cells:                         1048
Number of combinational cells:            783
Number of sequential cells:               239
Number of macros/black boxes:               0
Number of buf/inv:                        231
Number of references:                      47

Combinational area:                820.609993
Buf/Inv area:                      125.552001
Noncombinational area:            1189.020018
Macro/Black Box area:                0.000000
Net Interconnect area:      undefined  (No wire load specified)

Total cell area:                  2009.630010
Total area:                 undefined
1
