 
****************************************
Report : area
Design : MyDesign
Version: P-2019.03-SP1
Date   : Thu Nov 11 01:45:31 2021
****************************************

Library(s) Used:

    NangateOpenCellLibrary_PDKv1_2_v2008_10_slow_nldm (File: /afs/eos.ncsu.edu/lockers/research/ece/wdavis/tech/nangate/NangateOpenCellLibrary_PDKv1_2_v2008_10/liberty/520/NangateOpenCellLibrary_PDKv1_2_v2008_10_slow_nldm.db)

Number of ports:                           89
Number of nets:                          1099
Number of cells:                          994
Number of combinational cells:            736
Number of sequential cells:               232
Number of macros/black boxes:               0
Number of buf/inv:                        178
Number of references:                      44

Combinational area:                804.915994
Buf/Inv area:                       95.228001
Noncombinational area:            1110.816025
Macro/Black Box area:                0.000000
Net Interconnect area:      undefined  (No wire load specified)

Total cell area:                  1915.732018
Total area:                 undefined
1
