 
****************************************
Report : timing
        -path full
        -delay max
        -max_paths 1
Design : MyDesign
Version: P-2019.03-SP1
Date   : Thu Nov 11 02:24:31 2021
****************************************

Operating Conditions: slow   Library: NangateOpenCellLibrary_PDKv1_2_v2008_10_slow_nldm
Wire Load Model Mode: top

  Startpoint: R_63 (rising edge-triggered flip-flop clocked by clk)
  Endpoint: R_99 (rising edge-triggered flip-flop clocked by clk)
  Path Group: clk
  Path Type: max

  Point                                    Incr       Path
  -----------------------------------------------------------
  clock clk (rise edge)                  0.0000     0.0000
  clock network delay (ideal)            0.0000     0.0000
  R_63/CK (DFF_X1)                       0.0000     0.0000 r
  R_63/Q (DFF_X1)                        0.5740     0.5740 f
  U745/ZN (XNOR2_X2)                     0.3041     0.8782 f
  U743/ZN (XNOR2_X2)                     0.2977     1.1758 f
  U742/ZN (XNOR2_X2)                     0.2595     1.4354 f
  U868/ZN (NAND3_X1)                     0.3009     1.7362 r
  U876/ZN (NAND3_X1)                     0.1188     1.8550 f
  U1012/ZN (NAND3_X2)                    0.1896     2.0446 r
  U1011/ZN (INV_X2)                      0.0480     2.0926 f
  R_99/D (DFF_X2)                        0.0000     2.0926 f
  data arrival time                                 2.0926

  clock clk (rise edge)                  2.4390     2.4390
  clock network delay (ideal)            0.0000     2.4390
  clock uncertainty                     -0.0500     2.3890
  R_99/CK (DFF_X2)                       0.0000     2.3890 r
  library setup time                    -0.2963     2.0927
  data required time                                2.0927
  -----------------------------------------------------------
  data required time                                2.0927
  data arrival time                                -2.0926
  -----------------------------------------------------------
  slack (MET)                                       0.0001


1
