 
****************************************
Report : area
Design : MyDesign
Version: P-2019.03-SP1
Date   : Thu Nov 11 01:44:10 2021
****************************************

Library(s) Used:

    NangateOpenCellLibrary_PDKv1_2_v2008_10_slow_nldm (File: /afs/eos.ncsu.edu/lockers/research/ece/wdavis/tech/nangate/NangateOpenCellLibrary_PDKv1_2_v2008_10/liberty/520/NangateOpenCellLibrary_PDKv1_2_v2008_10_slow_nldm.db)

Number of ports:                           89
Number of nets:                          1081
Number of cells:                          981
Number of combinational cells:            750
Number of sequential cells:               205
Number of macros/black boxes:               0
Number of buf/inv:                        190
Number of references:                      45

Combinational area:                813.693994
Buf/Inv area:                      102.676001
Noncombinational area:             981.540022
Macro/Black Box area:                0.000000
Net Interconnect area:      undefined  (No wire load specified)

Total cell area:                  1795.234016
Total area:                 undefined
1
