 
****************************************
Report : timing
        -path full
        -delay max
        -max_paths 1
Design : MyDesign
Version: R-2020.09
Date   : Mon Nov 15 19:33:35 2021
****************************************

Operating Conditions: slow   Library: NangateOpenCellLibrary_PDKv1_2_v2008_10_slow_nldm
Wire Load Model Mode: top

  Startpoint: R_2 (rising edge-triggered flip-flop clocked by clk)
  Endpoint: cnt_fill_reg[0]
            (rising edge-triggered flip-flop clocked by clk)
  Path Group: clk
  Path Type: max

  Point                                    Incr       Path
  -----------------------------------------------------------
  clock clk (rise edge)                  0.0000     0.0000
  clock network delay (ideal)            0.0000     0.0000
  R_2/CK (DFFS_X1)                       0.0000     0.0000 r
  R_2/Q (DFFS_X1)                        0.7410     0.7410 f
  U1282/ZN (NAND2_X2)                    0.1392     0.8803 r
  U1283/ZN (NAND2_X2)                    0.0979     0.9781 f
  U743/ZN (NOR2_X2)                      0.2360     1.2141 r
  U1357/ZN (NAND2_X1)                    0.1050     1.3192 f
  U940/ZN (NAND2_X1)                     0.1261     1.4453 r
  U1358/ZN (NAND3_X1)                    0.0825     1.5277 f
  U623/ZN (NOR2_X1)                      0.3507     1.8785 r
  U1414/ZN (INV_X1)                      0.0979     1.9764 f
  U1415/ZN (NAND2_X1)                    0.1329     2.1093 r
  cnt_fill_reg[0]/D (DFFR_X1)            0.0000     2.1093 r
  data arrival time                                 2.1093

  clock clk (rise edge)                  2.4320     2.4320
  clock network delay (ideal)            0.0000     2.4320
  clock uncertainty                     -0.0500     2.3820
  cnt_fill_reg[0]/CK (DFFR_X1)           0.0000     2.3820 r
  library setup time                    -0.2673     2.1147
  data required time                                2.1147
  -----------------------------------------------------------
  data required time                                2.1147
  data arrival time                                -2.1093
  -----------------------------------------------------------
  slack (MET)                                       0.0054


1
