Information: Updating design information... (UID-85)
 
****************************************
Report : timing
        -path full
        -delay max
        -max_paths 1
Design : MyDesign
Version: P-2019.03-SP1
Date   : Thu Nov 11 00:17:34 2021
****************************************

Operating Conditions: slow   Library: NangateOpenCellLibrary_PDKv1_2_v2008_10_slow_nldm
Wire Load Model Mode: top

  Startpoint: row2_reg[9]
              (rising edge-triggered flip-flop clocked by clk)
  Endpoint: R_63 (rising edge-triggered flip-flop clocked by clk)
  Path Group: clk
  Path Type: max

  Point                                    Incr       Path
  -----------------------------------------------------------
  clock clk (rise edge)                  0.0000     0.0000
  clock network delay (ideal)            0.0000     0.0000
  row2_reg[9]/CK (DFF_X2)                0.0000     0.0000 r
  row2_reg[9]/Q (DFF_X2)                 0.6191     0.6191 f
  U914/ZN (XNOR2_X1)                     0.3210     0.9401 r
  U542/ZN (XNOR2_X1)                     0.3994     1.3395 r
  U854/ZN (XNOR2_X2)                     0.3338     1.6732 r
  U852/ZN (NOR2_X2)                      0.0799     1.7531 f
  U503/ZN (NAND3_X1)                     0.1446     1.8977 r
  U569/ZN (AOI22_X2)                     0.1373     2.0350 f
  R_63/D (DFF_X2)                        0.0000     2.0350 f
  data arrival time                                 2.0350

  clock clk (rise edge)                  2.4100     2.4100
  clock network delay (ideal)            0.0000     2.4100
  clock uncertainty                     -0.0500     2.3600
  R_63/CK (DFF_X2)                       0.0000     2.3600 r
  library setup time                    -0.3241     2.0359
  data required time                                2.0359
  -----------------------------------------------------------
  data required time                                2.0359
  data arrival time                                -2.0350
  -----------------------------------------------------------
  slack (MET)                                       0.0009


1
