Information: Updating design information... (UID-85)
 
****************************************
Report : timing
        -path full
        -delay max
        -max_paths 1
Design : MyDesign
Version: P-2019.03-SP1
Date   : Thu Nov 11 00:13:59 2021
****************************************

Operating Conditions: slow   Library: NangateOpenCellLibrary_PDKv1_2_v2008_10_slow_nldm
Wire Load Model Mode: top

  Startpoint: R_261 (rising edge-triggered flip-flop clocked by clk)
  Endpoint: R_126 (rising edge-triggered flip-flop clocked by clk)
  Path Group: clk
  Path Type: max

  Point                                    Incr       Path
  -----------------------------------------------------------
  clock clk (rise edge)                  0.0000     0.0000
  clock network delay (ideal)            0.0000     0.0000
  R_261/CK (DFFS_X2)                     0.0000     0.0000 r
  R_261/Q (DFFS_X2)                      0.6857     0.6857 f
  U492/ZN (NOR2_X1)                      0.2381     0.9238 r
  U1171/Z (BUF_X4)                       0.3224     1.2461 r
  U489/ZN (NAND2_X1)                     0.1454     1.3915 f
  U636/ZN (NAND2_X2)                     0.1339     1.5254 r
  U635/ZN (NAND2_X2)                     0.0782     1.6037 f
  U522/ZN (XNOR2_X1)                     0.2993     1.9030 f
  R_126/D (DFFS_X2)                      0.0000     1.9030 f
  data arrival time                                 1.9030

  clock clk (rise edge)                  2.4400     2.4400
  clock network delay (ideal)            0.0000     2.4400
  clock uncertainty                     -0.0500     2.3900
  R_126/CK (DFFS_X2)                     0.0000     2.3900 r
  library setup time                    -0.4858     1.9042
  data required time                                1.9042
  -----------------------------------------------------------
  data required time                                1.9042
  data arrival time                                -1.9030
  -----------------------------------------------------------
  slack (MET)                                       0.0013


1
