 
****************************************
Report : timing
        -path full
        -delay max
        -max_paths 1
Design : MyDesign
Version: P-2019.03-SP1
Date   : Thu Nov 11 00:10:15 2021
****************************************

Operating Conditions: slow   Library: NangateOpenCellLibrary_PDKv1_2_v2008_10_slow_nldm
Wire Load Model Mode: top

  Startpoint: state_c_reg[0]
              (rising edge-triggered flip-flop clocked by clk)
  Endpoint: dim_reg[1] (rising edge-triggered flip-flop clocked by clk)
  Path Group: clk
  Path Type: max

  Point                                    Incr       Path
  -----------------------------------------------------------
  clock clk (rise edge)                  0.0000     0.0000
  clock network delay (ideal)            0.0000     0.0000
  state_c_reg[0]/CK (DFFR_X1)            0.0000     0.0000 r
  state_c_reg[0]/Q (DFFR_X1)             0.6680     0.6680 f
  U840/ZN (NAND3_X1)                     0.1764     0.8445 r
  U839/ZN (NAND2_X1)                     0.0970     0.9415 f
  U1210/ZN (NAND2_X2)                    0.0962     1.0377 r
  U1212/ZN (NAND2_X2)                    0.0775     1.1152 f
  U1213/ZN (NAND2_X4)                    0.1210     1.2362 r
  U821/Z (MUX2_X1)                       0.7643     2.0005 f
  dim_reg[1]/D (DFFR_X2)                 0.0000     2.0005 f
  data arrival time                                 2.0005

  clock clk (rise edge)                  2.4900     2.4900
  clock network delay (ideal)            0.0000     2.4900
  clock uncertainty                     -0.0500     2.4400
  dim_reg[1]/CK (DFFR_X2)                0.0000     2.4400 r
  library setup time                    -0.4330     2.0070
  data required time                                2.0070
  -----------------------------------------------------------
  data required time                                2.0070
  data arrival time                                -2.0005
  -----------------------------------------------------------
  slack (MET)                                       0.0064


1
